<html>
<body>
<pre>
<h1>µVision Build Log</h1>
<h2>Tool Versions:</h2>
IDE-Version: µVision V5.24.2.0
Copyright (C) 2017 ARM Ltd and ARM Germany GmbH. All rights reserved.
License Information: Vladimir Chornenkiy, AFS, LIC=----
 
Tool Versions:
Toolchain:       MDK-Lite  Version: 5.24.1
Toolchain Path:  C:\Keil_v5\ARM\ARMCC\Bin
C Compiler:      Armcc.exe V5.06 update 5 (build 528)
Assembler:       Armasm.exe V5.06 update 5 (build 528)
Linker/Locator:  ArmLink.exe V5.06 update 5 (build 528)
Library Manager: ArmAr.exe V5.06 update 5 (build 528)
Hex Converter:   FromElf.exe V5.06 update 5 (build 528)
CPU DLL:         SARMCM3.DLL V5.24.1
Dialog DLL:      DCM.DLL V1.16.0.0
Target DLL:      STLink\ST-LINKIII-KEIL_SWO.dll V3.0.1.0
Dialog DLL:      TCM.DLL V1.32.0.0
 
<h2>Project:</h2>
C:\Users\Vladimir_Chornenkiy\Desktop\MULTI-DEVICE-VER-1.0\multi-device-ver-1.0.uvprojx
Project File Date:  05/29/2019

<h2>Output:</h2>
*** Using Compiler 'V5.06 update 5 (build 528)', folder: 'C:\Keil_v5\ARM\ARMCC\Bin'
Rebuild target 'source'
compiling screens.c...
Screens\screens.c(27): warning:  #940-D: missing return statement at end of non-void function "logInScreen" 
  }
Screens\screens.c(31): warning:  #940-D: missing return statement at end of non-void function "mouseLayerScreen" 
  }
Screens\screens.c: 2 warnings, 0 errors
compiling main.c...
Main\main.c(14): warning:  #111-D: statement is unreachable
  	LcdUpdate();
Main\main.c: 1 warning, 0 errors
compiling n3310.c...
LCD5110 (Driver AVR to STM)\n3310.c(645): warning:  #177-D: variable "tmp"  was declared but never referenced
      byte tmpIdxX,tmpIdxY,tmp;
LCD5110 (Driver AVR to STM)\n3310.c(892): warning:  #1-D: last line of file ends without a newline
   
LCD5110 (Driver AVR to STM)\n3310.c(48): warning:  #550-D: variable "UpdateLcd"  was set but never used
  static byte  UpdateLcd;
LCD5110 (Driver AVR to STM)\n3310.c: 3 warnings, 0 errors
compiling stm32f10x_dma.c...
compiling stm32f10x_adc.c...
compiling stm32f10x_gpio.c...
compiling stm32f10x_usart.c...
compiling stm32f10x_rcc.c...
compiling stm32f10x_exti.c...
compiling core_cm3.c...
assembling startup_stm32f10x_cl.s...
compiling system_stm32f10x.c...
compiling misc.c...
compiling cpu-init.c...
linking...
Program Size: Code=4528 RO-data=1168 RW-data=56 ZI-data=2296  
FromELF: creating hex file...
".\Objects\multi-device-ver-1.0" - 0 Error(s), 6 Warning(s).

<h2>Software Packages used:</h2>

Package Vendor: Keil
                http://www.keil.com/pack/Keil.STM32F1xx_DFP.2.3.0.pack
                Keil.STM32F1xx_DFP.2.3.0
                STMicroelectronics STM32F1 Series Device Support, Drivers and Examples

<h2>Collection of Component include folders:</h2>
  .\RTE\_source
  C:\Keil_v5\ARM\PACK\Keil\STM32F1xx_DFP\2.3.0\Device\Include

<h2>Collection of Component Files used:</h2>
Build Time Elapsed:  00:00:03
</pre>
</body>
</html>
