Component: ARM Compiler 5.06 update 5 (build 528) Tool: armlink [4d35e2]

==============================================================================

Section Cross References

    main.o(i.main) refers to cpu-init.o(i.system_init) for system_init
    main.o(i.main) refers to n3310.o(i.LcdInit) for LcdInit
    main.o(i.main) refers to n3310.o(i.LcdClear) for LcdClear
    main.o(i.main) refers to rt_memcpy_v6.o(.text) for __aeabi_memcpy
    main.o(i.main) refers to screens.o(i.MenuScreen) for MenuScreen
    main.o(i.main) refers to system.o(i.cursorsKeyboardHendler) for cursorsKeyboardHendler
    main.o(i.main) refers to n3310.o(i.LcdUpdate) for LcdUpdate
    main.o(i.main) refers to main.o(.data) for mainMenu
    screens.o(i.MenuScreen) refers to system.o(i.getCursorsData) for getCursorsData
    screens.o(i.MenuScreen) refers to n3310.o(i.LcdGotoXYFont) for LcdGotoXYFont
    screens.o(i.MenuScreen) refers to n3310.o(i.LcdChr) for LcdChr
    screens.o(i.MenuScreen) refers to n3310.o(i.LcdStr) for LcdStr
    screens.o(i.bootScreen) refers to n3310.o(i.LcdProgressBar) for LcdProgressBar
    screens.o(i.bootTextScreen) refers to n3310.o(i.LcdGotoXYFont) for LcdGotoXYFont
    screens.o(i.bootTextScreen) refers to n3310.o(i.LcdFStr) for LcdFStr
    screens.o(i.bootTextScreen) refers to n3310.o(i.LcdProgressBar) for LcdProgressBar
    screens.o(i.logInScreen) refers to n3310.o(i.LcdGotoXYFont) for LcdGotoXYFont
    screens.o(i.logInScreen) refers to n3310.o(i.LcdFStr) for LcdFStr
    screens.o(i.mouseLayerScreen) refers to system.o(i.getMouseData) for getMouseData
    screens.o(i.mouseLayerScreen) refers to system.o(i.mouseKeyboardHendler) for mouseKeyboardHendler
    screens.o(i.mouseLayerScreen) refers to n3310.o(i.LcdMouse) for LcdMouse
    screens.o(i.mouseLayerScreen) refers to screens.o(.data) for mData
    screens.o(i.testScreen) refers to n3310.o(i.LcdProgressBar) for LcdProgressBar
    screens.o(i.testScreen) refers to n3310.o(i.LcdLine) for LcdLine
    screens.o(i.testScreen) refers to n3310.o(i.LcdGotoXYFont) for LcdGotoXYFont
    screens.o(i.testScreen) refers to n3310.o(i.LcdFStr) for LcdFStr
    n3310.o(i.IntToString) refers to n3310.o(i.LcdFStr) for LcdFStr
    n3310.o(i.IntToString) refers to n3310.o(.data) for out
    n3310.o(i.LcdBars) refers to n3310.o(i.LcdSingleBar) for LcdSingleBar
    n3310.o(i.LcdBars) refers to n3310.o(.data) for UpdateLcd
    n3310.o(i.LcdChr) refers to n3310.o(.data) for LcdCacheIdx
    n3310.o(i.LcdChr) refers to n3310.o(.constdata) for FontLookup
    n3310.o(i.LcdChr) refers to n3310.o(.bss) for LcdCache
    n3310.o(i.LcdCircle) refers to n3310.o(i.LcdPixel) for LcdPixel
    n3310.o(i.LcdCircle) refers to n3310.o(.data) for UpdateLcd
    n3310.o(i.LcdClear) refers to rt_memclr.o(.text) for __aeabi_memclr
    n3310.o(i.LcdClear) refers to n3310.o(.bss) for LcdCache
    n3310.o(i.LcdClear) refers to n3310.o(.data) for LoWaterMark
    n3310.o(i.LcdContrast) refers to n3310.o(i.LcdSend) for LcdSend
    n3310.o(i.LcdFStr) refers to n3310.o(i.LcdChr) for LcdChr
    n3310.o(i.LcdGotoXYFont) refers to n3310.o(.data) for LcdCacheIdx
    n3310.o(i.LcdImage) refers to rt_memcpy_v6.o(.text) for __aeabi_memcpy
    n3310.o(i.LcdImage) refers to n3310.o(.bss) for LcdCache
    n3310.o(i.LcdImage) refers to n3310.o(.data) for LoWaterMark
    n3310.o(i.LcdInit) refers to n3310.o(i.Delay) for Delay
    n3310.o(i.LcdInit) refers to n3310.o(i.LcdSend) for LcdSend
    n3310.o(i.LcdInit) refers to n3310.o(i.LcdClear) for LcdClear
    n3310.o(i.LcdInit) refers to n3310.o(i.LcdUpdate) for LcdUpdate
    n3310.o(i.LcdLine) refers to n3310.o(i.LcdPixel) for LcdPixel
    n3310.o(i.LcdLine) refers to n3310.o(.data) for UpdateLcd
    n3310.o(i.LcdMouse) refers to n3310.o(i.LcdLine) for LcdLine
    n3310.o(i.LcdPixel) refers to n3310.o(.bss) for LcdCache
    n3310.o(i.LcdPixel) refers to n3310.o(.data) for LoWaterMark
    n3310.o(i.LcdProgressBar) refers to n3310.o(i.RangeCheck) for RangeCheck
    n3310.o(i.LcdProgressBar) refers to n3310.o(i.LcdRect) for LcdRect
    n3310.o(i.LcdProgressBar) refers to fflt_clz.o(x$fpl$ffltu) for __aeabi_ui2f
    n3310.o(i.LcdProgressBar) refers to fflt_clz.o(x$fpl$fflt) for __aeabi_i2f
    n3310.o(i.LcdProgressBar) refers to fdiv.o(x$fpl$fdiv) for __aeabi_fdiv
    n3310.o(i.LcdProgressBar) refers to fmul.o(x$fpl$fmul) for __aeabi_fmul
    n3310.o(i.LcdProgressBar) refers to faddsub_clz.o(x$fpl$fadd) for __aeabi_fadd
    n3310.o(i.LcdProgressBar) refers to ffixu.o(x$fpl$ffixu) for __aeabi_f2uiz
    n3310.o(i.LcdProgressBar) refers to n3310.o(i.LcdSingleBar) for LcdSingleBar
    n3310.o(i.LcdProgressBar) refers to faddsub_clz.o(x$fpl$fsub) for __aeabi_fsub
    n3310.o(i.LcdRect) refers to n3310.o(i.LcdPixel) for LcdPixel
    n3310.o(i.LcdRect) refers to n3310.o(.data) for UpdateLcd
    n3310.o(i.LcdSingleBar) refers to n3310.o(i.LcdPixel) for LcdPixel
    n3310.o(i.LcdSingleBar) refers to n3310.o(.data) for UpdateLcd
    n3310.o(i.LcdStr) refers to n3310.o(i.LcdChr) for LcdChr
    n3310.o(i.LcdUpdate) refers to n3310.o(i.LcdSend) for LcdSend
    n3310.o(i.LcdUpdate) refers to n3310.o(.data) for LoWaterMark
    n3310.o(i.LcdUpdate) refers to n3310.o(.bss) for LcdCache
    stm32f10x_adc.o(i.ADC_DeInit) refers to stm32f10x_rcc.o(i.RCC_APB2PeriphResetCmd) for RCC_APB2PeriphResetCmd
    stm32f10x_gpio.o(i.GPIO_AFIODeInit) refers to stm32f10x_rcc.o(i.RCC_APB2PeriphResetCmd) for RCC_APB2PeriphResetCmd
    stm32f10x_gpio.o(i.GPIO_DeInit) refers to stm32f10x_rcc.o(i.RCC_APB2PeriphResetCmd) for RCC_APB2PeriphResetCmd
    stm32f10x_rcc.o(i.RCC_GetClocksFreq) refers to stm32f10x_rcc.o(.data) for APBAHBPrescTable
    stm32f10x_rcc.o(i.RCC_WaitForHSEStartUp) refers to stm32f10x_rcc.o(i.RCC_GetFlagStatus) for RCC_GetFlagStatus
    stm32f10x_usart.o(i.USART_DeInit) refers to stm32f10x_rcc.o(i.RCC_APB2PeriphResetCmd) for RCC_APB2PeriphResetCmd
    stm32f10x_usart.o(i.USART_DeInit) refers to stm32f10x_rcc.o(i.RCC_APB1PeriphResetCmd) for RCC_APB1PeriphResetCmd
    stm32f10x_usart.o(i.USART_Init) refers to stm32f10x_rcc.o(i.RCC_GetClocksFreq) for RCC_GetClocksFreq
    startup_stm32f10x_cl.o(STACK) refers (Special) to heapauxi.o(.text) for __use_two_region_memory
    startup_stm32f10x_cl.o(HEAP) refers (Special) to heapauxi.o(.text) for __use_two_region_memory
    startup_stm32f10x_cl.o(RESET) refers (Special) to heapauxi.o(.text) for __use_two_region_memory
    startup_stm32f10x_cl.o(RESET) refers to startup_stm32f10x_cl.o(STACK) for __initial_sp
    startup_stm32f10x_cl.o(RESET) refers to startup_stm32f10x_cl.o(.text) for Reset_Handler
    startup_stm32f10x_cl.o(RESET) refers to cpu-init.o(i.EXTI9_5_IRQHandler) for EXTI9_5_IRQHandler
    startup_stm32f10x_cl.o(.text) refers (Special) to heapauxi.o(.text) for __use_two_region_memory
    startup_stm32f10x_cl.o(.text) refers to system_stm32f10x.o(i.SystemInit) for SystemInit
    startup_stm32f10x_cl.o(.text) refers to __main.o(!!!main) for __main
    startup_stm32f10x_cl.o(.text) refers to startup_stm32f10x_cl.o(HEAP) for Heap_Mem
    startup_stm32f10x_cl.o(.text) refers to startup_stm32f10x_cl.o(STACK) for Stack_Mem
    system_stm32f10x.o(i.SetSysClock) refers to system_stm32f10x.o(i.SetSysClockTo72) for SetSysClockTo72
    system_stm32f10x.o(i.SystemCoreClockUpdate) refers to system_stm32f10x.o(.data) for SystemCoreClock
    system_stm32f10x.o(i.SystemInit) refers to system_stm32f10x.o(i.SetSysClock) for SetSysClock
    cpu-init.o(i.EXTI9_5_IRQHandler) refers to stm32f10x_exti.o(i.EXTI_GetITStatus) for EXTI_GetITStatus
    cpu-init.o(i.EXTI9_5_IRQHandler) refers to system.o(i.setPressedButton) for setPressedButton
    cpu-init.o(i.EXTI9_5_IRQHandler) refers to stm32f10x_exti.o(i.EXTI_ClearITPendingBit) for EXTI_ClearITPendingBit
    cpu-init.o(i.InitButton) refers to stm32f10x_rcc.o(i.RCC_APB2PeriphClockCmd) for RCC_APB2PeriphClockCmd
    cpu-init.o(i.InitButton) refers to stm32f10x_gpio.o(i.GPIO_Init) for GPIO_Init
    cpu-init.o(i.InitButton) refers to stm32f10x_gpio.o(i.GPIO_EXTILineConfig) for GPIO_EXTILineConfig
    cpu-init.o(i.InitButton) refers to stm32f10x_exti.o(i.EXTI_Init) for EXTI_Init
    cpu-init.o(i.InitButton) refers to misc.o(i.NVIC_Init) for NVIC_Init
    cpu-init.o(i.copyFilterBuffer) refers to cpu-init.o(i.clearBuffer) for clearBuffer
    cpu-init.o(i.dma1_init) refers to stm32f10x_rcc.o(i.RCC_AHBPeriphClockCmd) for RCC_AHBPeriphClockCmd
    cpu-init.o(i.dma1_init) refers to stm32f10x_dma.o(i.DMA_StructInit) for DMA_StructInit
    cpu-init.o(i.dma1_init) refers to stm32f10x_dma.o(i.DMA_Init) for DMA_Init
    cpu-init.o(i.dma1_init) refers to stm32f10x_dma.o(i.DMA_Cmd) for DMA_Cmd
    cpu-init.o(i.dma1_init) refers to cpu-init.o(.bss) for TransitBuffer
    cpu-init.o(i.gpio_init) refers to stm32f10x_rcc.o(i.RCC_APB2PeriphClockCmd) for RCC_APB2PeriphClockCmd
    cpu-init.o(i.gpio_init) refers to stm32f10x_gpio.o(i.GPIO_Init) for GPIO_Init
    cpu-init.o(i.system_init) refers to cpu-init.o(i.gpio_init) for gpio_init
    cpu-init.o(i.system_init) refers to cpu-init.o(i.uart1_init) for uart1_init
    cpu-init.o(i.system_init) refers to cpu-init.o(i.uart3_init) for uart3_init
    cpu-init.o(i.system_init) refers to cpu-init.o(i.dma1_init) for dma1_init
    cpu-init.o(i.system_init) refers to cpu-init.o(i.InitButton) for InitButton
    cpu-init.o(i.uart1_init) refers to stm32f10x_rcc.o(i.RCC_APB2PeriphClockCmd) for RCC_APB2PeriphClockCmd
    cpu-init.o(i.uart1_init) refers to stm32f10x_usart.o(i.USART_Init) for USART_Init
    cpu-init.o(i.uart1_init) refers to stm32f10x_usart.o(i.USART_DMACmd) for USART_DMACmd
    cpu-init.o(i.uart1_init) refers to stm32f10x_usart.o(i.USART_Cmd) for USART_Cmd
    cpu-init.o(i.uart3_init) refers to stm32f10x_rcc.o(i.RCC_APB1PeriphClockCmd) for RCC_APB1PeriphClockCmd
    cpu-init.o(i.uart3_init) refers to stm32f10x_usart.o(i.USART_Init) for USART_Init
    cpu-init.o(i.uart3_init) refers to stm32f10x_usart.o(i.USART_Cmd) for USART_Cmd
    system.o(i.cursorsKeyboardHendler) refers to system.o(i.getPressedButton) for getPressedButton
    system.o(i.cursorsKeyboardHendler) refers to system.o(i.resetPressedButton) for resetPressedButton
    system.o(i.cursorsKeyboardHendler) refers to system.o(.data) for cursorsDataYPtr
    system.o(i.getCursorsData) refers to system.o(.data) for cursorsDataYPtr
    system.o(i.getMouseData) refers to system.o(.data) for mouseDataPtr
    system.o(i.getPressedButton) refers to system.o(.data) for buttonPtr
    system.o(i.mouseKeyboardHendler) refers to system.o(i.getPressedButton) for getPressedButton
    system.o(i.mouseKeyboardHendler) refers to system.o(i.resetPressedButton) for resetPressedButton
    system.o(i.mouseKeyboardHendler) refers to system.o(.data) for mouseDataPtr
    system.o(i.resetPressedButton) refers to system.o(i.setPressedButton) for setPressedButton
    system.o(i.setPressedButton) refers to system.o(.data) for buttonPtr
    rt_memcpy_v6.o(.text) refers to rt_memcpy_w.o(.text) for __aeabi_memcpy4
    rt_memclr.o(.text) refers to rt_memclr_w.o(.text) for _memset_w
    __main.o(!!!main) refers to __rtentry.o(.ARM.Collect$$rtentry$$00000000) for __rt_entry
    faddsub_clz.o(x$fpl$fadd) refers (Special) to usenofp.o(x$fpl$usenofp) for __I$use$fp
    faddsub_clz.o(x$fpl$fadd) refers to faddsub_clz.o(x$fpl$fsub) for _fsub1
    faddsub_clz.o(x$fpl$fadd) refers to fretinf.o(x$fpl$fretinf) for __fpl_fretinf
    faddsub_clz.o(x$fpl$fadd) refers to fnaninf.o(x$fpl$fnaninf) for __fpl_fnaninf
    faddsub_clz.o(x$fpl$frsb) refers (Special) to usenofp.o(x$fpl$usenofp) for __I$use$fp
    faddsub_clz.o(x$fpl$frsb) refers to faddsub_clz.o(x$fpl$fadd) for _fadd1
    faddsub_clz.o(x$fpl$frsb) refers to faddsub_clz.o(x$fpl$fsub) for _fsub1
    faddsub_clz.o(x$fpl$fsub) refers (Special) to usenofp.o(x$fpl$usenofp) for __I$use$fp
    faddsub_clz.o(x$fpl$fsub) refers to faddsub_clz.o(x$fpl$fadd) for _fadd1
    faddsub_clz.o(x$fpl$fsub) refers to fnaninf.o(x$fpl$fnaninf) for __fpl_fnaninf
    fdiv.o(x$fpl$frdiv) refers (Special) to usenofp.o(x$fpl$usenofp) for __I$use$fp
    fdiv.o(x$fpl$frdiv) refers to fdiv.o(x$fpl$fdiv) for _fdiv1
    fdiv.o(x$fpl$fdiv) refers (Special) to usenofp.o(x$fpl$usenofp) for __I$use$fp
    fdiv.o(x$fpl$fdiv) refers to fretinf.o(x$fpl$fretinf) for __fpl_fretinf
    fdiv.o(x$fpl$fdiv) refers to fnaninf.o(x$fpl$fnaninf) for __fpl_fnaninf
    ffixu.o(x$fpl$ffixu) refers (Special) to usenofp.o(x$fpl$usenofp) for __I$use$fp
    ffixu.o(x$fpl$ffixu) refers to fnaninf.o(x$fpl$fnaninf) for __fpl_fnaninf
    ffixu.o(x$fpl$ffixur) refers (Special) to usenofp.o(x$fpl$usenofp) for __I$use$fp
    ffixu.o(x$fpl$ffixur) refers to fnaninf.o(x$fpl$fnaninf) for __fpl_fnaninf
    fflt_clz.o(x$fpl$ffltu) refers (Special) to usenofp.o(x$fpl$usenofp) for __I$use$fp
    fflt_clz.o(x$fpl$fflt) refers (Special) to usenofp.o(x$fpl$usenofp) for __I$use$fp
    fflt_clz.o(x$fpl$ffltn) refers (Special) to usenofp.o(x$fpl$usenofp) for __I$use$fp
    fmul.o(x$fpl$fmul) refers (Special) to usenofp.o(x$fpl$usenofp) for __I$use$fp
    fmul.o(x$fpl$fmul) refers to fretinf.o(x$fpl$fretinf) for __fpl_fretinf
    fmul.o(x$fpl$fmul) refers to fnaninf.o(x$fpl$fnaninf) for __fpl_fnaninf
    __rtentry.o(.ARM.Collect$$rtentry$$00000000) refers (Special) to __rtentry2.o(.ARM.Collect$$rtentry$$0000000A) for __rt_entry_li
    __rtentry.o(.ARM.Collect$$rtentry$$00000000) refers (Special) to __rtentry2.o(.ARM.Collect$$rtentry$$0000000D) for __rt_entry_main
    __rtentry.o(.ARM.Collect$$rtentry$$00000000) refers (Special) to __rtentry2.o(.ARM.Collect$$rtentry$$0000000C) for __rt_entry_postli_1
    __rtentry.o(.ARM.Collect$$rtentry$$00000000) refers (Special) to __rtentry2.o(.ARM.Collect$$rtentry$$00000009) for __rt_entry_postsh_1
    __rtentry.o(.ARM.Collect$$rtentry$$00000000) refers (Special) to __rtentry2.o(.ARM.Collect$$rtentry$$00000002) for __rt_entry_presh_1
    __rtentry.o(.ARM.Collect$$rtentry$$00000000) refers (Special) to __rtentry4.o(.ARM.Collect$$rtentry$$00000004) for __rt_entry_sh
    fnaninf.o(x$fpl$fnaninf) refers (Special) to usenofp.o(x$fpl$usenofp) for __I$use$fp
    fretinf.o(x$fpl$fretinf) refers (Special) to usenofp.o(x$fpl$usenofp) for __I$use$fp
    __rtentry2.o(.ARM.Collect$$rtentry$$00000008) refers to boardinit2.o(.text) for _platform_post_stackheap_init
    __rtentry2.o(.ARM.Collect$$rtentry$$0000000A) refers to libinit.o(.ARM.Collect$$libinit$$00000000) for __rt_lib_init
    __rtentry2.o(.ARM.Collect$$rtentry$$0000000B) refers to boardinit3.o(.text) for _platform_post_lib_init
    __rtentry2.o(.ARM.Collect$$rtentry$$0000000D) refers to main.o(i.main) for main
    __rtentry2.o(.ARM.Collect$$rtentry$$0000000D) refers to exit.o(.text) for exit
    __rtentry2.o(.ARM.exidx) refers to __rtentry2.o(.ARM.Collect$$rtentry$$00000001) for .ARM.Collect$$rtentry$$00000001
    __rtentry2.o(.ARM.exidx) refers to __rtentry2.o(.ARM.Collect$$rtentry$$00000008) for .ARM.Collect$$rtentry$$00000008
    __rtentry2.o(.ARM.exidx) refers to __rtentry2.o(.ARM.Collect$$rtentry$$0000000A) for .ARM.Collect$$rtentry$$0000000A
    __rtentry2.o(.ARM.exidx) refers to __rtentry2.o(.ARM.Collect$$rtentry$$0000000B) for .ARM.Collect$$rtentry$$0000000B
    __rtentry2.o(.ARM.exidx) refers to __rtentry2.o(.ARM.Collect$$rtentry$$0000000D) for .ARM.Collect$$rtentry$$0000000D
    __rtentry4.o(.ARM.Collect$$rtentry$$00000004) refers to sys_stackheap_outer.o(.text) for __user_setup_stackheap
    __rtentry4.o(.ARM.exidx) refers to __rtentry4.o(.ARM.Collect$$rtentry$$00000004) for .ARM.Collect$$rtentry$$00000004
    sys_stackheap_outer.o(.text) refers to libspace.o(.text) for __user_perproc_libspace
    sys_stackheap_outer.o(.text) refers to startup_stm32f10x_cl.o(.text) for __user_initial_stackheap
    exit.o(.text) refers to rtexit.o(.ARM.Collect$$rtexit$$00000000) for __rt_exit
    libinit.o(.ARM.Collect$$libinit$$00000000) refers (Special) to libinit2.o(.ARM.Collect$$libinit$$0000002E) for __rt_lib_init_alloca_1
    libinit.o(.ARM.Collect$$libinit$$00000000) refers (Special) to libinit2.o(.ARM.Collect$$libinit$$0000002C) for __rt_lib_init_argv_1
    libinit.o(.ARM.Collect$$libinit$$00000000) refers (Special) to libinit2.o(.ARM.Collect$$libinit$$0000001B) for __rt_lib_init_atexit_1
    libinit.o(.ARM.Collect$$libinit$$00000000) refers (Special) to libinit2.o(.ARM.Collect$$libinit$$00000021) for __rt_lib_init_clock_1
    libinit.o(.ARM.Collect$$libinit$$00000000) refers (Special) to libinit2.o(.ARM.Collect$$libinit$$00000032) for __rt_lib_init_cpp_1
    libinit.o(.ARM.Collect$$libinit$$00000000) refers (Special) to libinit2.o(.ARM.Collect$$libinit$$00000030) for __rt_lib_init_exceptions_1
    libinit.o(.ARM.Collect$$libinit$$00000000) refers (Special) to libinit2.o(.ARM.Collect$$libinit$$00000002) for __rt_lib_init_fp_1
    libinit.o(.ARM.Collect$$libinit$$00000000) refers (Special) to libinit2.o(.ARM.Collect$$libinit$$0000001F) for __rt_lib_init_fp_trap_1
    libinit.o(.ARM.Collect$$libinit$$00000000) refers (Special) to libinit2.o(.ARM.Collect$$libinit$$00000023) for __rt_lib_init_getenv_1
    libinit.o(.ARM.Collect$$libinit$$00000000) refers (Special) to libinit2.o(.ARM.Collect$$libinit$$0000000A) for __rt_lib_init_heap_1
    libinit.o(.ARM.Collect$$libinit$$00000000) refers (Special) to libinit2.o(.ARM.Collect$$libinit$$00000011) for __rt_lib_init_lc_collate_1
    libinit.o(.ARM.Collect$$libinit$$00000000) refers (Special) to libinit2.o(.ARM.Collect$$libinit$$00000013) for __rt_lib_init_lc_ctype_1
    libinit.o(.ARM.Collect$$libinit$$00000000) refers (Special) to libinit2.o(.ARM.Collect$$libinit$$00000015) for __rt_lib_init_lc_monetary_1
    libinit.o(.ARM.Collect$$libinit$$00000000) refers (Special) to libinit2.o(.ARM.Collect$$libinit$$00000017) for __rt_lib_init_lc_numeric_1
    libinit.o(.ARM.Collect$$libinit$$00000000) refers (Special) to libinit2.o(.ARM.Collect$$libinit$$00000019) for __rt_lib_init_lc_time_1
    libinit.o(.ARM.Collect$$libinit$$00000000) refers (Special) to libinit2.o(.ARM.Collect$$libinit$$00000004) for __rt_lib_init_preinit_1
    libinit.o(.ARM.Collect$$libinit$$00000000) refers (Special) to libinit2.o(.ARM.Collect$$libinit$$0000000E) for __rt_lib_init_rand_1
    libinit.o(.ARM.Collect$$libinit$$00000000) refers (Special) to libinit2.o(.ARM.Collect$$libinit$$00000033) for __rt_lib_init_return
    libinit.o(.ARM.Collect$$libinit$$00000000) refers (Special) to libinit2.o(.ARM.Collect$$libinit$$0000001D) for __rt_lib_init_signal_1
    libinit.o(.ARM.Collect$$libinit$$00000000) refers (Special) to libinit2.o(.ARM.Collect$$libinit$$00000025) for __rt_lib_init_stdio_1
    libinit.o(.ARM.Collect$$libinit$$00000000) refers (Special) to libinit2.o(.ARM.Collect$$libinit$$0000000C) for __rt_lib_init_user_alloc_1
    libspace.o(.text) refers to libspace.o(.bss) for __libspace_start
    rtexit.o(.ARM.Collect$$rtexit$$00000000) refers (Special) to rtexit2.o(.ARM.Collect$$rtexit$$00000004) for __rt_exit_exit
    rtexit.o(.ARM.Collect$$rtexit$$00000000) refers (Special) to rtexit2.o(.ARM.Collect$$rtexit$$00000003) for __rt_exit_ls
    rtexit.o(.ARM.Collect$$rtexit$$00000000) refers (Special) to rtexit2.o(.ARM.Collect$$rtexit$$00000002) for __rt_exit_prels_1
    rtexit.o(.ARM.exidx) refers (Special) to rtexit2.o(.ARM.Collect$$rtexit$$00000004) for __rt_exit_exit
    rtexit.o(.ARM.exidx) refers (Special) to rtexit2.o(.ARM.Collect$$rtexit$$00000003) for __rt_exit_ls
    rtexit.o(.ARM.exidx) refers (Special) to rtexit2.o(.ARM.Collect$$rtexit$$00000002) for __rt_exit_prels_1
    rtexit.o(.ARM.exidx) refers to rtexit.o(.ARM.Collect$$rtexit$$00000000) for .ARM.Collect$$rtexit$$00000000
    libinit2.o(.ARM.Collect$$libinit$$00000010) refers to libinit2.o(.ARM.Collect$$libinit$$0000000F) for .ARM.Collect$$libinit$$0000000F
    libinit2.o(.ARM.Collect$$libinit$$00000012) refers to libinit2.o(.ARM.Collect$$libinit$$0000000F) for .ARM.Collect$$libinit$$0000000F
    libinit2.o(.ARM.Collect$$libinit$$00000014) refers to libinit2.o(.ARM.Collect$$libinit$$0000000F) for .ARM.Collect$$libinit$$0000000F
    libinit2.o(.ARM.Collect$$libinit$$00000016) refers to libinit2.o(.ARM.Collect$$libinit$$0000000F) for .ARM.Collect$$libinit$$0000000F
    libinit2.o(.ARM.Collect$$libinit$$00000018) refers to libinit2.o(.ARM.Collect$$libinit$$0000000F) for .ARM.Collect$$libinit$$0000000F
    libinit2.o(.ARM.Collect$$libinit$$00000026) refers to argv_veneer.o(.emb_text) for __ARM_argv_veneer
    libinit2.o(.ARM.Collect$$libinit$$00000027) refers to argv_veneer.o(.emb_text) for __ARM_argv_veneer
    rtexit2.o(.ARM.Collect$$rtexit$$00000003) refers to libshutdown.o(.ARM.Collect$$libshutdown$$00000000) for __rt_lib_shutdown
    rtexit2.o(.ARM.Collect$$rtexit$$00000004) refers to sys_exit.o(.text) for _sys_exit
    rtexit2.o(.ARM.exidx) refers to rtexit2.o(.ARM.Collect$$rtexit$$00000001) for .ARM.Collect$$rtexit$$00000001
    rtexit2.o(.ARM.exidx) refers to rtexit2.o(.ARM.Collect$$rtexit$$00000003) for .ARM.Collect$$rtexit$$00000003
    rtexit2.o(.ARM.exidx) refers to rtexit2.o(.ARM.Collect$$rtexit$$00000004) for .ARM.Collect$$rtexit$$00000004
    argv_veneer.o(.emb_text) refers to no_argv.o(.text) for __ARM_get_argv
    sys_exit.o(.text) refers (Special) to use_no_semi.o(.text) for __I$use$semihosting
    sys_exit.o(.text) refers (Special) to indicate_semi.o(.text) for __semihosting_library_function
    _get_argv_nomalloc.o(.text) refers (Special) to hrguard.o(.text) for __heap_region$guard
    _get_argv_nomalloc.o(.text) refers to defsig_rtmem_outer.o(.text) for __rt_SIGRTMEM
    _get_argv_nomalloc.o(.text) refers to sys_command.o(.text) for _sys_command_string
    libshutdown.o(.ARM.Collect$$libshutdown$$00000000) refers (Special) to libshutdown2.o(.ARM.Collect$$libshutdown$$00000002) for __rt_lib_shutdown_cpp_1
    libshutdown.o(.ARM.Collect$$libshutdown$$00000000) refers (Special) to libshutdown2.o(.ARM.Collect$$libshutdown$$00000007) for __rt_lib_shutdown_fp_trap_1
    libshutdown.o(.ARM.Collect$$libshutdown$$00000000) refers (Special) to libshutdown2.o(.ARM.Collect$$libshutdown$$0000000F) for __rt_lib_shutdown_heap_1
    libshutdown.o(.ARM.Collect$$libshutdown$$00000000) refers (Special) to libshutdown2.o(.ARM.Collect$$libshutdown$$00000010) for __rt_lib_shutdown_return
    libshutdown.o(.ARM.Collect$$libshutdown$$00000000) refers (Special) to libshutdown2.o(.ARM.Collect$$libshutdown$$0000000A) for __rt_lib_shutdown_signal_1
    libshutdown.o(.ARM.Collect$$libshutdown$$00000000) refers (Special) to libshutdown2.o(.ARM.Collect$$libshutdown$$00000004) for __rt_lib_shutdown_stdio_1
    libshutdown.o(.ARM.Collect$$libshutdown$$00000000) refers (Special) to libshutdown2.o(.ARM.Collect$$libshutdown$$0000000C) for __rt_lib_shutdown_user_alloc_1
    sys_command.o(.text) refers (Special) to use_no_semi.o(.text) for __I$use$semihosting
    sys_command.o(.text) refers (Special) to indicate_semi.o(.text) for __semihosting_library_function
    defsig_rtmem_outer.o(.text) refers to defsig_rtmem_inner.o(.text) for __rt_SIGRTMEM_inner
    defsig_rtmem_outer.o(.text) refers to defsig_exit.o(.text) for __sig_exit
    defsig_rtmem_formal.o(.text) refers to rt_raise.o(.text) for __rt_raise
    rt_raise.o(.text) refers to __raise.o(.text) for __raise
    rt_raise.o(.text) refers to sys_exit.o(.text) for _sys_exit
    defsig_exit.o(.text) refers to sys_exit.o(.text) for _sys_exit
    defsig_rtmem_inner.o(.text) refers to defsig_general.o(.text) for __default_signal_display
    __raise.o(.text) refers to defsig.o(CL$$defsig) for __default_signal_handler
    defsig_general.o(.text) refers to sys_wrch.o(.text) for _ttywrch
    sys_wrch.o(.text) refers (Special) to use_no_semi.o(.text) for __I$use$semihosting
    sys_wrch.o(.text) refers (Special) to indicate_semi.o(.text) for __semihosting_library_function
    defsig.o(CL$$defsig) refers to defsig_rtmem_inner.o(.text) for __rt_SIGRTMEM_inner
    defsig_abrt_inner.o(.text) refers to defsig_general.o(.text) for __default_signal_display
    defsig_fpe_inner.o(.text) refers to defsig_general.o(.text) for __default_signal_display
    defsig_rtred_inner.o(.text) refers to defsig_general.o(.text) for __default_signal_display
    defsig_stak_inner.o(.text) refers to defsig_general.o(.text) for __default_signal_display
    defsig_pvfn_inner.o(.text) refers to defsig_general.o(.text) for __default_signal_display
    defsig_cppl_inner.o(.text) refers to defsig_general.o(.text) for __default_signal_display
    defsig_segv_inner.o(.text) refers to defsig_general.o(.text) for __default_signal_display
    defsig_other.o(.text) refers to defsig_general.o(.text) for __default_signal_display


==============================================================================

Removing Unused input sections from the image.

    Removing main.o(.constdata), (800 bytes).
    Removing screens.o(i.bootScreen), (34 bytes).
    Removing screens.o(i.bootTextScreen), (64 bytes).
    Removing screens.o(i.homeScreen), (8 bytes).
    Removing screens.o(i.logInScreen), (124 bytes).
    Removing screens.o(i.mouseLayerScreen), (56 bytes).
    Removing screens.o(i.testScreen), (240 bytes).
    Removing screens.o(.constdata), (800 bytes).
    Removing screens.o(.data), (3 bytes).
    Removing n3310.o(i.IntToString), (72 bytes).
    Removing n3310.o(i.LcdBars), (96 bytes).
    Removing n3310.o(i.LcdCircle), (232 bytes).
    Removing n3310.o(i.LcdContrast), (32 bytes).
    Removing n3310.o(i.LcdFStr), (38 bytes).
    Removing n3310.o(i.LcdImage), (56 bytes).
    Removing n3310.o(i.LcdLine), (212 bytes).
    Removing n3310.o(i.LcdMouse), (76 bytes).
    Removing n3310.o(i.LcdPixel), (136 bytes).
    Removing n3310.o(i.LcdProgressBar), (288 bytes).
    Removing n3310.o(i.LcdRect), (128 bytes).
    Removing n3310.o(i.LcdSingleBar), (108 bytes).
    Removing n3310.o(i.RangeCheck), (22 bytes).
    Removing stm32f10x_adc.o(i.ADC_AnalogWatchdogCmd), (20 bytes).
    Removing stm32f10x_adc.o(i.ADC_AnalogWatchdogSingleChannelConfig), (16 bytes).
    Removing stm32f10x_adc.o(i.ADC_AnalogWatchdogThresholdsConfig), (6 bytes).
    Removing stm32f10x_adc.o(i.ADC_AutoInjectedConvCmd), (22 bytes).
    Removing stm32f10x_adc.o(i.ADC_ClearFlag), (6 bytes).
    Removing stm32f10x_adc.o(i.ADC_ClearITPendingBit), (10 bytes).
    Removing stm32f10x_adc.o(i.ADC_Cmd), (22 bytes).
    Removing stm32f10x_adc.o(i.ADC_DMACmd), (22 bytes).
    Removing stm32f10x_adc.o(i.ADC_DeInit), (92 bytes).
    Removing stm32f10x_adc.o(i.ADC_DiscModeChannelCountConfig), (24 bytes).
    Removing stm32f10x_adc.o(i.ADC_DiscModeCmd), (22 bytes).
    Removing stm32f10x_adc.o(i.ADC_ExternalTrigConvCmd), (22 bytes).
    Removing stm32f10x_adc.o(i.ADC_ExternalTrigInjectedConvCmd), (22 bytes).
    Removing stm32f10x_adc.o(i.ADC_ExternalTrigInjectedConvConfig), (16 bytes).
    Removing stm32f10x_adc.o(i.ADC_GetCalibrationStatus), (20 bytes).
    Removing stm32f10x_adc.o(i.ADC_GetConversionValue), (8 bytes).
    Removing stm32f10x_adc.o(i.ADC_GetDualModeConversionValue), (12 bytes).
    Removing stm32f10x_adc.o(i.ADC_GetFlagStatus), (18 bytes).
    Removing stm32f10x_adc.o(i.ADC_GetITStatus), (36 bytes).
    Removing stm32f10x_adc.o(i.ADC_GetInjectedConversionValue), (28 bytes).
    Removing stm32f10x_adc.o(i.ADC_GetResetCalibrationStatus), (20 bytes).
    Removing stm32f10x_adc.o(i.ADC_GetSoftwareStartConvStatus), (20 bytes).
    Removing stm32f10x_adc.o(i.ADC_GetSoftwareStartInjectedConvCmdStatus), (20 bytes).
    Removing stm32f10x_adc.o(i.ADC_ITConfig), (24 bytes).
    Removing stm32f10x_adc.o(i.ADC_Init), (80 bytes).
    Removing stm32f10x_adc.o(i.ADC_InjectedChannelConfig), (130 bytes).
    Removing stm32f10x_adc.o(i.ADC_InjectedDiscModeCmd), (22 bytes).
    Removing stm32f10x_adc.o(i.ADC_InjectedSequencerLengthConfig), (24 bytes).
    Removing stm32f10x_adc.o(i.ADC_RegularChannelConfig), (184 bytes).
    Removing stm32f10x_adc.o(i.ADC_ResetCalibration), (10 bytes).
    Removing stm32f10x_adc.o(i.ADC_SetInjectedOffset), (20 bytes).
    Removing stm32f10x_adc.o(i.ADC_SoftwareStartConvCmd), (22 bytes).
    Removing stm32f10x_adc.o(i.ADC_SoftwareStartInjectedConvCmd), (22 bytes).
    Removing stm32f10x_adc.o(i.ADC_StartCalibration), (10 bytes).
    Removing stm32f10x_adc.o(i.ADC_StructInit), (18 bytes).
    Removing stm32f10x_adc.o(i.ADC_TempSensorVrefintCmd), (36 bytes).
    Removing stm32f10x_dma.o(i.DMA_ClearFlag), (28 bytes).
    Removing stm32f10x_dma.o(i.DMA_ClearITPendingBit), (28 bytes).
    Removing stm32f10x_dma.o(i.DMA_DeInit), (332 bytes).
    Removing stm32f10x_dma.o(i.DMA_GetCurrDataCounter), (8 bytes).
    Removing stm32f10x_dma.o(i.DMA_GetFlagStatus), (44 bytes).
    Removing stm32f10x_dma.o(i.DMA_GetITStatus), (44 bytes).
    Removing stm32f10x_dma.o(i.DMA_ITConfig), (18 bytes).
    Removing stm32f10x_dma.o(i.DMA_SetCurrDataCounter), (4 bytes).
    Removing stm32f10x_gpio.o(i.GPIO_AFIODeInit), (20 bytes).
    Removing stm32f10x_gpio.o(i.GPIO_DeInit), (200 bytes).
    Removing stm32f10x_gpio.o(i.GPIO_ETH_MediaInterfaceConfig), (12 bytes).
    Removing stm32f10x_gpio.o(i.GPIO_EventOutputCmd), (12 bytes).
    Removing stm32f10x_gpio.o(i.GPIO_EventOutputConfig), (32 bytes).
    Removing stm32f10x_gpio.o(i.GPIO_PinLockConfig), (18 bytes).
    Removing stm32f10x_gpio.o(i.GPIO_PinRemapConfig), (144 bytes).
    Removing stm32f10x_gpio.o(i.GPIO_ReadInputData), (8 bytes).
    Removing stm32f10x_gpio.o(i.GPIO_ReadInputDataBit), (18 bytes).
    Removing stm32f10x_gpio.o(i.GPIO_ReadOutputData), (8 bytes).
    Removing stm32f10x_gpio.o(i.GPIO_ReadOutputDataBit), (18 bytes).
    Removing stm32f10x_gpio.o(i.GPIO_ResetBits), (4 bytes).
    Removing stm32f10x_gpio.o(i.GPIO_SetBits), (4 bytes).
    Removing stm32f10x_gpio.o(i.GPIO_StructInit), (16 bytes).
    Removing stm32f10x_gpio.o(i.GPIO_Write), (4 bytes).
    Removing stm32f10x_gpio.o(i.GPIO_WriteBit), (10 bytes).
    Removing stm32f10x_rcc.o(i.RCC_ADCCLKConfig), (24 bytes).
    Removing stm32f10x_rcc.o(i.RCC_APB1PeriphResetCmd), (32 bytes).
    Removing stm32f10x_rcc.o(i.RCC_APB2PeriphResetCmd), (32 bytes).
    Removing stm32f10x_rcc.o(i.RCC_AdjustHSICalibrationValue), (24 bytes).
    Removing stm32f10x_rcc.o(i.RCC_BackupResetCmd), (12 bytes).
    Removing stm32f10x_rcc.o(i.RCC_ClearFlag), (20 bytes).
    Removing stm32f10x_rcc.o(i.RCC_ClearITPendingBit), (12 bytes).
    Removing stm32f10x_rcc.o(i.RCC_ClockSecuritySystemCmd), (12 bytes).
    Removing stm32f10x_rcc.o(i.RCC_DeInit), (76 bytes).
    Removing stm32f10x_rcc.o(i.RCC_GetFlagStatus), (60 bytes).
    Removing stm32f10x_rcc.o(i.RCC_GetITStatus), (24 bytes).
    Removing stm32f10x_rcc.o(i.RCC_GetSYSCLKSource), (16 bytes).
    Removing stm32f10x_rcc.o(i.RCC_HCLKConfig), (24 bytes).
    Removing stm32f10x_rcc.o(i.RCC_HSEConfig), (76 bytes).
    Removing stm32f10x_rcc.o(i.RCC_HSICmd), (12 bytes).
    Removing stm32f10x_rcc.o(i.RCC_ITConfig), (32 bytes).
    Removing stm32f10x_rcc.o(i.RCC_LSEConfig), (52 bytes).
    Removing stm32f10x_rcc.o(i.RCC_LSICmd), (12 bytes).
    Removing stm32f10x_rcc.o(i.RCC_MCOConfig), (12 bytes).
    Removing stm32f10x_rcc.o(i.RCC_PCLK1Config), (24 bytes).
    Removing stm32f10x_rcc.o(i.RCC_PCLK2Config), (24 bytes).
    Removing stm32f10x_rcc.o(i.RCC_PLLCmd), (12 bytes).
    Removing stm32f10x_rcc.o(i.RCC_PLLConfig), (28 bytes).
    Removing stm32f10x_rcc.o(i.RCC_RTCCLKCmd), (12 bytes).
    Removing stm32f10x_rcc.o(i.RCC_RTCCLKConfig), (16 bytes).
    Removing stm32f10x_rcc.o(i.RCC_SYSCLKConfig), (24 bytes).
    Removing stm32f10x_rcc.o(i.RCC_USBCLKConfig), (12 bytes).
    Removing stm32f10x_rcc.o(i.RCC_WaitForHSEStartUp), (56 bytes).
    Removing stm32f10x_usart.o(i.USART_ClearFlag), (18 bytes).
    Removing stm32f10x_usart.o(i.USART_ClearITPendingBit), (30 bytes).
    Removing stm32f10x_usart.o(i.USART_ClockInit), (34 bytes).
    Removing stm32f10x_usart.o(i.USART_ClockStructInit), (12 bytes).
    Removing stm32f10x_usart.o(i.USART_DeInit), (156 bytes).
    Removing stm32f10x_usart.o(i.USART_GetFlagStatus), (26 bytes).
    Removing stm32f10x_usart.o(i.USART_GetITStatus), (84 bytes).
    Removing stm32f10x_usart.o(i.USART_HalfDuplexCmd), (24 bytes).
    Removing stm32f10x_usart.o(i.USART_ITConfig), (74 bytes).
    Removing stm32f10x_usart.o(i.USART_IrDACmd), (24 bytes).
    Removing stm32f10x_usart.o(i.USART_IrDAConfig), (18 bytes).
    Removing stm32f10x_usart.o(i.USART_LINBreakDetectLengthConfig), (18 bytes).
    Removing stm32f10x_usart.o(i.USART_LINCmd), (24 bytes).
    Removing stm32f10x_usart.o(i.USART_OneBitMethodCmd), (24 bytes).
    Removing stm32f10x_usart.o(i.USART_OverSampling8Cmd), (22 bytes).
    Removing stm32f10x_usart.o(i.USART_ReceiveData), (10 bytes).
    Removing stm32f10x_usart.o(i.USART_ReceiverWakeUpCmd), (24 bytes).
    Removing stm32f10x_usart.o(i.USART_SendBreak), (10 bytes).
    Removing stm32f10x_usart.o(i.USART_SendData), (8 bytes).
    Removing stm32f10x_usart.o(i.USART_SetAddress), (18 bytes).
    Removing stm32f10x_usart.o(i.USART_SetGuardTime), (16 bytes).
    Removing stm32f10x_usart.o(i.USART_SetPrescaler), (16 bytes).
    Removing stm32f10x_usart.o(i.USART_SmartCardCmd), (24 bytes).
    Removing stm32f10x_usart.o(i.USART_SmartCardNACKCmd), (24 bytes).
    Removing stm32f10x_usart.o(i.USART_StructInit), (24 bytes).
    Removing stm32f10x_usart.o(i.USART_WakeUpConfig), (18 bytes).
    Removing stm32f10x_exti.o(i.EXTI_ClearFlag), (12 bytes).
    Removing stm32f10x_exti.o(i.EXTI_DeInit), (36 bytes).
    Removing stm32f10x_exti.o(i.EXTI_GenerateSWInterrupt), (16 bytes).
    Removing stm32f10x_exti.o(i.EXTI_GetFlagStatus), (24 bytes).
    Removing stm32f10x_exti.o(i.EXTI_StructInit), (16 bytes).
    Removing misc.o(i.NVIC_PriorityGroupConfig), (20 bytes).
    Removing misc.o(i.NVIC_SetVectorTable), (20 bytes).
    Removing misc.o(i.NVIC_SystemLPConfig), (32 bytes).
    Removing misc.o(i.SysTick_CLKSourceConfig), (40 bytes).
    Removing core_cm3.o(.emb_text), (32 bytes).
    Removing system_stm32f10x.o(i.SystemCoreClockUpdate), (164 bytes).
    Removing system_stm32f10x.o(.data), (20 bytes).
    Removing cpu-init.o(i.clearBuffer), (18 bytes).
    Removing cpu-init.o(i.copyFilterBuffer), (76 bytes).
    Removing cpu-init.o(.constdata), (800 bytes).
    Removing system.o(i.getMouseData), (36 bytes).
    Removing system.o(i.mouseKeyboardHendler), (112 bytes).

153 unused section(s) (total 8791 bytes) removed from the image.

==============================================================================

Image Symbol Table

    Local Symbols

    Symbol Name                              Value     Ov Type        Size  Object(Section)

    ../clib/angel/boardlib.s                 0x00000000   Number         0  boardshut.o ABSOLUTE
    ../clib/angel/boardlib.s                 0x00000000   Number         0  boardinit1.o ABSOLUTE
    ../clib/angel/boardlib.s                 0x00000000   Number         0  boardinit3.o ABSOLUTE
    ../clib/angel/boardlib.s                 0x00000000   Number         0  boardinit2.o ABSOLUTE
    ../clib/angel/handlers.s                 0x00000000   Number         0  __scatter_zi.o ABSOLUTE
    ../clib/angel/handlers.s                 0x00000000   Number         0  __scatter_copy.o ABSOLUTE
    ../clib/angel/kernel.s                   0x00000000   Number         0  __rtentry.o ABSOLUTE
    ../clib/angel/kernel.s                   0x00000000   Number         0  __rtentry4.o ABSOLUTE
    ../clib/angel/kernel.s                   0x00000000   Number         0  __rtentry2.o ABSOLUTE
    ../clib/angel/kernel.s                   0x00000000   Number         0  rtexit2.o ABSOLUTE
    ../clib/angel/kernel.s                   0x00000000   Number         0  rtexit.o ABSOLUTE
    ../clib/angel/rt.s                       0x00000000   Number         0  rt_raise.o ABSOLUTE
    ../clib/angel/scatter.s                  0x00000000   Number         0  __scatter.o ABSOLUTE
    ../clib/angel/startup.s                  0x00000000   Number         0  __main.o ABSOLUTE
    ../clib/angel/sys.s                      0x00000000   Number         0  sys_stackheap_outer.o ABSOLUTE
    ../clib/angel/sys.s                      0x00000000   Number         0  use_no_semi.o ABSOLUTE
    ../clib/angel/sys.s                      0x00000000   Number         0  indicate_semi.o ABSOLUTE
    ../clib/angel/sys.s                      0x00000000   Number         0  libspace.o ABSOLUTE
    ../clib/angel/sysapp.c                   0x00000000   Number         0  sys_command.o ABSOLUTE
    ../clib/angel/sysapp.c                   0x00000000   Number         0  sys_exit.o ABSOLUTE
    ../clib/angel/sysapp.c                   0x00000000   Number         0  sys_wrch.o ABSOLUTE
    ../clib/armsys.c                         0x00000000   Number         0  _get_argv_nomalloc.o ABSOLUTE
    ../clib/armsys.c                         0x00000000   Number         0  no_argv.o ABSOLUTE
    ../clib/armsys.c                         0x00000000   Number         0  argv_veneer.o ABSOLUTE
    ../clib/armsys.c                         0x00000000   Number         0  argv_veneer.o ABSOLUTE
    ../clib/heapalloc.c                      0x00000000   Number         0  hrguard.o ABSOLUTE
    ../clib/heapaux.c                        0x00000000   Number         0  heapauxi.o ABSOLUTE
    ../clib/libinit.s                        0x00000000   Number         0  libshutdown2.o ABSOLUTE
    ../clib/libinit.s                        0x00000000   Number         0  libinit.o ABSOLUTE
    ../clib/libinit.s                        0x00000000   Number         0  libinit2.o ABSOLUTE
    ../clib/libinit.s                        0x00000000   Number         0  libshutdown.o ABSOLUTE
    ../clib/memcpset.s                       0x00000000   Number         0  rt_memclr.o ABSOLUTE
    ../clib/memcpset.s                       0x00000000   Number         0  rt_memcpy_v6.o ABSOLUTE
    ../clib/memcpset.s                       0x00000000   Number         0  rt_memcpy_w.o ABSOLUTE
    ../clib/memcpset.s                       0x00000000   Number         0  rt_memclr_w.o ABSOLUTE
    ../clib/signal.c                         0x00000000   Number         0  defsig_exit.o ABSOLUTE
    ../clib/signal.c                         0x00000000   Number         0  defsig_other.o ABSOLUTE
    ../clib/signal.c                         0x00000000   Number         0  defsig_segv_inner.o ABSOLUTE
    ../clib/signal.c                         0x00000000   Number         0  defsig_cppl_inner.o ABSOLUTE
    ../clib/signal.c                         0x00000000   Number         0  defsig_pvfn_inner.o ABSOLUTE
    ../clib/signal.c                         0x00000000   Number         0  defsig_abrt_inner.o ABSOLUTE
    ../clib/signal.c                         0x00000000   Number         0  defsig_rtred_inner.o ABSOLUTE
    ../clib/signal.c                         0x00000000   Number         0  defsig_fpe_inner.o ABSOLUTE
    ../clib/signal.c                         0x00000000   Number         0  defsig_rtmem_outer.o ABSOLUTE
    ../clib/signal.c                         0x00000000   Number         0  defsig_rtmem_formal.o ABSOLUTE
    ../clib/signal.c                         0x00000000   Number         0  defsig_rtmem_inner.o ABSOLUTE
    ../clib/signal.c                         0x00000000   Number         0  __raise.o ABSOLUTE
    ../clib/signal.c                         0x00000000   Number         0  defsig_general.o ABSOLUTE
    ../clib/signal.c                         0x00000000   Number         0  defsig_stak_inner.o ABSOLUTE
    ../clib/signal.s                         0x00000000   Number         0  defsig.o ABSOLUTE
    ../clib/stdlib.c                         0x00000000   Number         0  exit.o ABSOLUTE
    ../fplib/faddsub.s                       0x00000000   Number         0  faddsub_clz.o ABSOLUTE
    ../fplib/fdiv.s                          0x00000000   Number         0  fdiv.o ABSOLUTE
    ../fplib/ffixu.s                         0x00000000   Number         0  ffixu.o ABSOLUTE
    ../fplib/fflt.s                          0x00000000   Number         0  fflt_clz.o ABSOLUTE
    ../fplib/fmul.s                          0x00000000   Number         0  fmul.o ABSOLUTE
    ../fplib/fnaninf.s                       0x00000000   Number         0  fnaninf.o ABSOLUTE
    ../fplib/fpinit.s                        0x00000000   Number         0  fpinit.o ABSOLUTE
    ../fplib/fretinf.s                       0x00000000   Number         0  fretinf.o ABSOLUTE
    ../fplib/usenofp.s                       0x00000000   Number         0  usenofp.o ABSOLUTE
    CMSIS\CM3\CoreSupport\core_cm3.c         0x00000000   Number         0  core_cm3.o ABSOLUTE
    CMSIS\CM3\DeviceSupport\ST\STM32F10x\startup\arm\startup_stm32f10x_cl.s 0x00000000   Number         0  startup_stm32f10x_cl.o ABSOLUTE
    CMSIS\CM3\DeviceSupport\ST\STM32F10x\system_stm32f10x.c 0x00000000   Number         0  system_stm32f10x.o ABSOLUTE
    CMSIS\\CM3\\CoreSupport\\core_cm3.c      0x00000000   Number         0  core_cm3.o ABSOLUTE
    Cpu-Init\cpu-init.c                      0x00000000   Number         0  cpu-init.o ABSOLUTE
    LCD5110 (Driver AVR to STM)\n3310.c      0x00000000   Number         0  n3310.o ABSOLUTE
    Main\main.c                              0x00000000   Number         0  main.o ABSOLUTE
    STM32F10x_StdPeriph_Driver\src\misc.c    0x00000000   Number         0  misc.o ABSOLUTE
    STM32F10x_StdPeriph_Driver\src\stm32f10x_adc.c 0x00000000   Number         0  stm32f10x_adc.o ABSOLUTE
    STM32F10x_StdPeriph_Driver\src\stm32f10x_dma.c 0x00000000   Number         0  stm32f10x_dma.o ABSOLUTE
    STM32F10x_StdPeriph_Driver\src\stm32f10x_exti.c 0x00000000   Number         0  stm32f10x_exti.o ABSOLUTE
    STM32F10x_StdPeriph_Driver\src\stm32f10x_gpio.c 0x00000000   Number         0  stm32f10x_gpio.o ABSOLUTE
    STM32F10x_StdPeriph_Driver\src\stm32f10x_rcc.c 0x00000000   Number         0  stm32f10x_rcc.o ABSOLUTE
    STM32F10x_StdPeriph_Driver\src\stm32f10x_usart.c 0x00000000   Number         0  stm32f10x_usart.o ABSOLUTE
    Screens\screens.c                        0x00000000   Number         0  screens.o ABSOLUTE
    System\system.c                          0x00000000   Number         0  system.o ABSOLUTE
    dc.s                                     0x00000000   Number         0  dc.o ABSOLUTE
    RESET                                    0x08000000   Section      336  startup_stm32f10x_cl.o(RESET)
    !!!main                                  0x08000150   Section        8  __main.o(!!!main)
    !!!scatter                               0x08000158   Section       52  __scatter.o(!!!scatter)
    !!handler_copy                           0x0800018c   Section       26  __scatter_copy.o(!!handler_copy)
    !!handler_zi                             0x080001a8   Section       28  __scatter_zi.o(!!handler_zi)
    .ARM.Collect$$libinit$$00000000          0x080001c4   Section        2  libinit.o(.ARM.Collect$$libinit$$00000000)
    .ARM.Collect$$libinit$$00000002          0x080001c6   Section        0  libinit2.o(.ARM.Collect$$libinit$$00000002)
    .ARM.Collect$$libinit$$00000004          0x080001c6   Section        0  libinit2.o(.ARM.Collect$$libinit$$00000004)
    .ARM.Collect$$libinit$$0000000A          0x080001c6   Section        0  libinit2.o(.ARM.Collect$$libinit$$0000000A)
    .ARM.Collect$$libinit$$0000000C          0x080001c6   Section        0  libinit2.o(.ARM.Collect$$libinit$$0000000C)
    .ARM.Collect$$libinit$$0000000E          0x080001c6   Section        0  libinit2.o(.ARM.Collect$$libinit$$0000000E)
    .ARM.Collect$$libinit$$00000011          0x080001c6   Section        0  libinit2.o(.ARM.Collect$$libinit$$00000011)
    .ARM.Collect$$libinit$$00000013          0x080001c6   Section        0  libinit2.o(.ARM.Collect$$libinit$$00000013)
    .ARM.Collect$$libinit$$00000015          0x080001c6   Section        0  libinit2.o(.ARM.Collect$$libinit$$00000015)
    .ARM.Collect$$libinit$$00000017          0x080001c6   Section        0  libinit2.o(.ARM.Collect$$libinit$$00000017)
    .ARM.Collect$$libinit$$00000019          0x080001c6   Section        0  libinit2.o(.ARM.Collect$$libinit$$00000019)
    .ARM.Collect$$libinit$$0000001B          0x080001c6   Section        0  libinit2.o(.ARM.Collect$$libinit$$0000001B)
    .ARM.Collect$$libinit$$0000001D          0x080001c6   Section        0  libinit2.o(.ARM.Collect$$libinit$$0000001D)
    .ARM.Collect$$libinit$$0000001F          0x080001c6   Section        0  libinit2.o(.ARM.Collect$$libinit$$0000001F)
    .ARM.Collect$$libinit$$00000021          0x080001c6   Section        0  libinit2.o(.ARM.Collect$$libinit$$00000021)
    .ARM.Collect$$libinit$$00000023          0x080001c6   Section        0  libinit2.o(.ARM.Collect$$libinit$$00000023)
    .ARM.Collect$$libinit$$00000025          0x080001c6   Section        0  libinit2.o(.ARM.Collect$$libinit$$00000025)
    .ARM.Collect$$libinit$$0000002C          0x080001c6   Section        0  libinit2.o(.ARM.Collect$$libinit$$0000002C)
    .ARM.Collect$$libinit$$0000002E          0x080001c6   Section        0  libinit2.o(.ARM.Collect$$libinit$$0000002E)
    .ARM.Collect$$libinit$$00000030          0x080001c6   Section        0  libinit2.o(.ARM.Collect$$libinit$$00000030)
    .ARM.Collect$$libinit$$00000032          0x080001c6   Section        0  libinit2.o(.ARM.Collect$$libinit$$00000032)
    .ARM.Collect$$libinit$$00000033          0x080001c6   Section        2  libinit2.o(.ARM.Collect$$libinit$$00000033)
    .ARM.Collect$$libshutdown$$00000000      0x080001c8   Section        2  libshutdown.o(.ARM.Collect$$libshutdown$$00000000)
    .ARM.Collect$$libshutdown$$00000002      0x080001ca   Section        0  libshutdown2.o(.ARM.Collect$$libshutdown$$00000002)
    .ARM.Collect$$libshutdown$$00000004      0x080001ca   Section        0  libshutdown2.o(.ARM.Collect$$libshutdown$$00000004)
    .ARM.Collect$$libshutdown$$00000007      0x080001ca   Section        0  libshutdown2.o(.ARM.Collect$$libshutdown$$00000007)
    .ARM.Collect$$libshutdown$$0000000A      0x080001ca   Section        0  libshutdown2.o(.ARM.Collect$$libshutdown$$0000000A)
    .ARM.Collect$$libshutdown$$0000000C      0x080001ca   Section        0  libshutdown2.o(.ARM.Collect$$libshutdown$$0000000C)
    .ARM.Collect$$libshutdown$$0000000F      0x080001ca   Section        0  libshutdown2.o(.ARM.Collect$$libshutdown$$0000000F)
    .ARM.Collect$$libshutdown$$00000010      0x080001ca   Section        2  libshutdown2.o(.ARM.Collect$$libshutdown$$00000010)
    .ARM.Collect$$rtentry$$00000000          0x080001cc   Section        0  __rtentry.o(.ARM.Collect$$rtentry$$00000000)
    .ARM.Collect$$rtentry$$00000002          0x080001cc   Section        0  __rtentry2.o(.ARM.Collect$$rtentry$$00000002)
    .ARM.Collect$$rtentry$$00000004          0x080001cc   Section        6  __rtentry4.o(.ARM.Collect$$rtentry$$00000004)
    .ARM.Collect$$rtentry$$00000009          0x080001d2   Section        0  __rtentry2.o(.ARM.Collect$$rtentry$$00000009)
    .ARM.Collect$$rtentry$$0000000A          0x080001d2   Section        4  __rtentry2.o(.ARM.Collect$$rtentry$$0000000A)
    .ARM.Collect$$rtentry$$0000000C          0x080001d6   Section        0  __rtentry2.o(.ARM.Collect$$rtentry$$0000000C)
    .ARM.Collect$$rtentry$$0000000D          0x080001d6   Section        8  __rtentry2.o(.ARM.Collect$$rtentry$$0000000D)
    .ARM.Collect$$rtexit$$00000000           0x080001de   Section        2  rtexit.o(.ARM.Collect$$rtexit$$00000000)
    .ARM.Collect$$rtexit$$00000002           0x080001e0   Section        0  rtexit2.o(.ARM.Collect$$rtexit$$00000002)
    .ARM.Collect$$rtexit$$00000003           0x080001e0   Section        4  rtexit2.o(.ARM.Collect$$rtexit$$00000003)
    .ARM.Collect$$rtexit$$00000004           0x080001e4   Section        6  rtexit2.o(.ARM.Collect$$rtexit$$00000004)
    .text                                    0x080001ec   Section       64  startup_stm32f10x_cl.o(.text)
    .text                                    0x0800022c   Section      138  rt_memcpy_v6.o(.text)
    .text                                    0x080002b6   Section       68  rt_memclr.o(.text)
    .text                                    0x080002fa   Section        0  heapauxi.o(.text)
    .text                                    0x08000300   Section      100  rt_memcpy_w.o(.text)
    .text                                    0x08000364   Section       78  rt_memclr_w.o(.text)
    .text                                    0x080003b2   Section       74  sys_stackheap_outer.o(.text)
    .text                                    0x080003fc   Section        0  exit.o(.text)
    .text                                    0x08000410   Section        8  libspace.o(.text)
    .text                                    0x08000418   Section        0  sys_exit.o(.text)
    .text                                    0x08000424   Section        2  use_no_semi.o(.text)
    .text                                    0x08000426   Section        0  indicate_semi.o(.text)
    i.DMA_Cmd                                0x08000426   Section        0  stm32f10x_dma.o(i.DMA_Cmd)
    i.DMA_Init                               0x0800043e   Section        0  stm32f10x_dma.o(i.DMA_Init)
    i.DMA_StructInit                         0x0800047a   Section        0  stm32f10x_dma.o(i.DMA_StructInit)
    i.Delay                                  0x08000494   Section        0  n3310.o(i.Delay)
    Delay                                    0x08000495   Thumb Code    14  n3310.o(i.Delay)
    i.EXTI9_5_IRQHandler                     0x080004a8   Section        0  cpu-init.o(i.EXTI9_5_IRQHandler)
    i.EXTI_ClearITPendingBit                 0x08000520   Section        0  stm32f10x_exti.o(i.EXTI_ClearITPendingBit)
    i.EXTI_GetITStatus                       0x0800052c   Section        0  stm32f10x_exti.o(i.EXTI_GetITStatus)
    i.EXTI_Init                              0x08000554   Section        0  stm32f10x_exti.o(i.EXTI_Init)
    i.GPIO_EXTILineConfig                    0x080005e8   Section        0  stm32f10x_gpio.o(i.GPIO_EXTILineConfig)
    i.GPIO_Init                              0x08000628   Section        0  stm32f10x_gpio.o(i.GPIO_Init)
    i.InitButton                             0x08000740   Section        0  cpu-init.o(i.InitButton)
    i.LcdChr                                 0x080007d8   Section        0  n3310.o(i.LcdChr)
    i.LcdClear                               0x0800099c   Section        0  n3310.o(i.LcdClear)
    i.LcdGotoXYFont                          0x080009d0   Section        0  n3310.o(i.LcdGotoXYFont)
    i.LcdInit                                0x080009fc   Section        0  n3310.o(i.LcdInit)
    i.LcdSend                                0x08000aa8   Section        0  n3310.o(i.LcdSend)
    LcdSend                                  0x08000aa9   Thumb Code   124  n3310.o(i.LcdSend)
    i.LcdStr                                 0x08000b28   Section        0  n3310.o(i.LcdStr)
    i.LcdUpdate                              0x08000b50   Section        0  n3310.o(i.LcdUpdate)
    i.MenuScreen                             0x08000c08   Section        0  screens.o(i.MenuScreen)
    i.NVIC_Init                              0x08000ca8   Section        0  misc.o(i.NVIC_Init)
    i.RCC_AHBPeriphClockCmd                  0x08000d18   Section        0  stm32f10x_rcc.o(i.RCC_AHBPeriphClockCmd)
    i.RCC_APB1PeriphClockCmd                 0x08000d38   Section        0  stm32f10x_rcc.o(i.RCC_APB1PeriphClockCmd)
    i.RCC_APB2PeriphClockCmd                 0x08000d58   Section        0  stm32f10x_rcc.o(i.RCC_APB2PeriphClockCmd)
    i.RCC_GetClocksFreq                      0x08000d78   Section        0  stm32f10x_rcc.o(i.RCC_GetClocksFreq)
    i.SetSysClock                            0x08000e4c   Section        0  system_stm32f10x.o(i.SetSysClock)
    SetSysClock                              0x08000e4d   Thumb Code     8  system_stm32f10x.o(i.SetSysClock)
    i.SetSysClockTo72                        0x08000e54   Section        0  system_stm32f10x.o(i.SetSysClockTo72)
    SetSysClockTo72                          0x08000e55   Thumb Code   214  system_stm32f10x.o(i.SetSysClockTo72)
    i.SystemInit                             0x08000f34   Section        0  system_stm32f10x.o(i.SystemInit)
    i.USART_Cmd                              0x08000f94   Section        0  stm32f10x_usart.o(i.USART_Cmd)
    i.USART_DMACmd                           0x08000fac   Section        0  stm32f10x_usart.o(i.USART_DMACmd)
    i.USART_Init                             0x08000fc0   Section        0  stm32f10x_usart.o(i.USART_Init)
    i.cursorsKeyboardHendler                 0x08001098   Section        0  system.o(i.cursorsKeyboardHendler)
    i.dma1_init                              0x080010f0   Section        0  cpu-init.o(i.dma1_init)
    i.getCursorsData                         0x08001144   Section        0  system.o(i.getCursorsData)
    i.getPressedButton                       0x08001150   Section        0  system.o(i.getPressedButton)
    i.gpio_init                              0x0800115c   Section        0  cpu-init.o(i.gpio_init)
    i.main                                   0x080011f0   Section        0  main.o(i.main)
    i.resetPressedButton                     0x08001230   Section        0  system.o(i.resetPressedButton)
    i.setPressedButton                       0x0800123c   Section        0  system.o(i.setPressedButton)
    i.system_init                            0x08001248   Section        0  cpu-init.o(i.system_init)
    i.uart1_init                             0x08001260   Section        0  cpu-init.o(i.uart1_init)
    i.uart3_init                             0x080012a8   Section        0  cpu-init.o(i.uart3_init)
    .constdata                               0x080012e8   Section      800  n3310.o(.constdata)
    FontLookup                               0x080012e8   Data         800  n3310.o(.constdata)
    .data                                    0x20000000   Section       84  main.o(.data)
    .data                                    0x20000054   Section       33  n3310.o(.data)
    TimingDelay                              0x20000054   Data           4  n3310.o(.data)
    LoWaterMark                              0x20000058   Data           4  n3310.o(.data)
    HiWaterMark                              0x2000005c   Data           4  n3310.o(.data)
    LcdCacheIdx                              0x20000060   Data           4  n3310.o(.data)
    UpdateLcd                                0x20000064   Data           1  n3310.o(.data)
    .data                                    0x20000075   Section       20  stm32f10x_rcc.o(.data)
    APBAHBPrescTable                         0x20000075   Data          16  stm32f10x_rcc.o(.data)
    ADCPrescTable                            0x20000085   Data           4  stm32f10x_rcc.o(.data)
    .data                                    0x2000008c   Section       24  system.o(.data)
    .bss                                     0x200000a4   Section      504  n3310.o(.bss)
    LcdCache                                 0x200000a4   Data         504  n3310.o(.bss)
    .bss                                     0x2000029c   Section      160  cpu-init.o(.bss)
    .bss                                     0x2000033c   Section       96  libspace.o(.bss)
    HEAP                                     0x200003a0   Section      512  startup_stm32f10x_cl.o(HEAP)
    Heap_Mem                                 0x200003a0   Data         512  startup_stm32f10x_cl.o(HEAP)
    STACK                                    0x200005a0   Section     1024  startup_stm32f10x_cl.o(STACK)
    Stack_Mem                                0x200005a0   Data        1024  startup_stm32f10x_cl.o(STACK)
    __initial_sp                             0x200009a0   Data           0  startup_stm32f10x_cl.o(STACK)

    Global Symbols

    Symbol Name                              Value     Ov Type        Size  Object(Section)

    BuildAttributes$$THM_ISAv4$P$D$K$B$S$PE$A:L22UL41UL21$X:L11$S22US41US21$IEEE1$IW$USESV6$~STKCKD$USESV7$~SHL$OSPACE$ROPI$EBA8$UX$STANDARDLIB$REQ8$PRES8$EABIv2 0x00000000   Number         0  anon$$obj.o ABSOLUTE
    __ARM_use_no_argv                        0x00000000   Number         0  main.o ABSOLUTE
    __ARM_exceptions_init                     - Undefined Weak Reference
    __alloca_initialize                       - Undefined Weak Reference
    __arm_preinit_                            - Undefined Weak Reference
    __cpp_initialize__aeabi_                  - Undefined Weak Reference
    __cxa_finalize                            - Undefined Weak Reference
    __rt_locale                               - Undefined Weak Reference
    __sigvec_lookup                           - Undefined Weak Reference
    _atexit_init                              - Undefined Weak Reference
    _call_atexit_fns                          - Undefined Weak Reference
    _clock_init                               - Undefined Weak Reference
    _fp_trap_init                             - Undefined Weak Reference
    _fp_trap_shutdown                         - Undefined Weak Reference
    _get_lc_collate                           - Undefined Weak Reference
    _get_lc_ctype                             - Undefined Weak Reference
    _get_lc_monetary                          - Undefined Weak Reference
    _get_lc_numeric                           - Undefined Weak Reference
    _get_lc_time                              - Undefined Weak Reference
    _getenv_init                              - Undefined Weak Reference
    _handle_redirection                       - Undefined Weak Reference
    _init_alloc                               - Undefined Weak Reference
    _init_user_alloc                          - Undefined Weak Reference
    _initio                                   - Undefined Weak Reference
    _rand_init                                - Undefined Weak Reference
    _signal_finish                            - Undefined Weak Reference
    _signal_init                              - Undefined Weak Reference
    _terminate_alloc                          - Undefined Weak Reference
    _terminate_user_alloc                     - Undefined Weak Reference
    _terminateio                              - Undefined Weak Reference
    __Vectors_Size                           0x00000150   Number         0  startup_stm32f10x_cl.o ABSOLUTE
    __Vectors                                0x08000000   Data           4  startup_stm32f10x_cl.o(RESET)
    __Vectors_End                            0x08000150   Data           0  startup_stm32f10x_cl.o(RESET)
    __main                                   0x08000151   Thumb Code     8  __main.o(!!!main)
    __scatterload                            0x08000159   Thumb Code     0  __scatter.o(!!!scatter)
    __scatterload_rt2                        0x08000159   Thumb Code    44  __scatter.o(!!!scatter)
    __scatterload_rt2_thumb_only             0x08000159   Thumb Code     0  __scatter.o(!!!scatter)
    __scatterload_null                       0x08000167   Thumb Code     0  __scatter.o(!!!scatter)
    __scatterload_copy                       0x0800018d   Thumb Code    26  __scatter_copy.o(!!handler_copy)
    __scatterload_zeroinit                   0x080001a9   Thumb Code    28  __scatter_zi.o(!!handler_zi)
    __rt_lib_init                            0x080001c5   Thumb Code     0  libinit.o(.ARM.Collect$$libinit$$00000000)
    __rt_lib_init_alloca_1                   0x080001c7   Thumb Code     0  libinit2.o(.ARM.Collect$$libinit$$0000002E)
    __rt_lib_init_argv_1                     0x080001c7   Thumb Code     0  libinit2.o(.ARM.Collect$$libinit$$0000002C)
    __rt_lib_init_atexit_1                   0x080001c7   Thumb Code     0  libinit2.o(.ARM.Collect$$libinit$$0000001B)
    __rt_lib_init_clock_1                    0x080001c7   Thumb Code     0  libinit2.o(.ARM.Collect$$libinit$$00000021)
    __rt_lib_init_cpp_1                      0x080001c7   Thumb Code     0  libinit2.o(.ARM.Collect$$libinit$$00000032)
    __rt_lib_init_exceptions_1               0x080001c7   Thumb Code     0  libinit2.o(.ARM.Collect$$libinit$$00000030)
    __rt_lib_init_fp_1                       0x080001c7   Thumb Code     0  libinit2.o(.ARM.Collect$$libinit$$00000002)
    __rt_lib_init_fp_trap_1                  0x080001c7   Thumb Code     0  libinit2.o(.ARM.Collect$$libinit$$0000001F)
    __rt_lib_init_getenv_1                   0x080001c7   Thumb Code     0  libinit2.o(.ARM.Collect$$libinit$$00000023)
    __rt_lib_init_heap_1                     0x080001c7   Thumb Code     0  libinit2.o(.ARM.Collect$$libinit$$0000000A)
    __rt_lib_init_lc_collate_1               0x080001c7   Thumb Code     0  libinit2.o(.ARM.Collect$$libinit$$00000011)
    __rt_lib_init_lc_ctype_1                 0x080001c7   Thumb Code     0  libinit2.o(.ARM.Collect$$libinit$$00000013)
    __rt_lib_init_lc_monetary_1              0x080001c7   Thumb Code     0  libinit2.o(.ARM.Collect$$libinit$$00000015)
    __rt_lib_init_lc_numeric_1               0x080001c7   Thumb Code     0  libinit2.o(.ARM.Collect$$libinit$$00000017)
    __rt_lib_init_lc_time_1                  0x080001c7   Thumb Code     0  libinit2.o(.ARM.Collect$$libinit$$00000019)
    __rt_lib_init_preinit_1                  0x080001c7   Thumb Code     0  libinit2.o(.ARM.Collect$$libinit$$00000004)
    __rt_lib_init_rand_1                     0x080001c7   Thumb Code     0  libinit2.o(.ARM.Collect$$libinit$$0000000E)
    __rt_lib_init_return                     0x080001c7   Thumb Code     0  libinit2.o(.ARM.Collect$$libinit$$00000033)
    __rt_lib_init_signal_1                   0x080001c7   Thumb Code     0  libinit2.o(.ARM.Collect$$libinit$$0000001D)
    __rt_lib_init_stdio_1                    0x080001c7   Thumb Code     0  libinit2.o(.ARM.Collect$$libinit$$00000025)
    __rt_lib_init_user_alloc_1               0x080001c7   Thumb Code     0  libinit2.o(.ARM.Collect$$libinit$$0000000C)
    __rt_lib_shutdown                        0x080001c9   Thumb Code     0  libshutdown.o(.ARM.Collect$$libshutdown$$00000000)
    __rt_lib_shutdown_cpp_1                  0x080001cb   Thumb Code     0  libshutdown2.o(.ARM.Collect$$libshutdown$$00000002)
    __rt_lib_shutdown_fp_trap_1              0x080001cb   Thumb Code     0  libshutdown2.o(.ARM.Collect$$libshutdown$$00000007)
    __rt_lib_shutdown_heap_1                 0x080001cb   Thumb Code     0  libshutdown2.o(.ARM.Collect$$libshutdown$$0000000F)
    __rt_lib_shutdown_return                 0x080001cb   Thumb Code     0  libshutdown2.o(.ARM.Collect$$libshutdown$$00000010)
    __rt_lib_shutdown_signal_1               0x080001cb   Thumb Code     0  libshutdown2.o(.ARM.Collect$$libshutdown$$0000000A)
    __rt_lib_shutdown_stdio_1                0x080001cb   Thumb Code     0  libshutdown2.o(.ARM.Collect$$libshutdown$$00000004)
    __rt_lib_shutdown_user_alloc_1           0x080001cb   Thumb Code     0  libshutdown2.o(.ARM.Collect$$libshutdown$$0000000C)
    __rt_entry                               0x080001cd   Thumb Code     0  __rtentry.o(.ARM.Collect$$rtentry$$00000000)
    __rt_entry_presh_1                       0x080001cd   Thumb Code     0  __rtentry2.o(.ARM.Collect$$rtentry$$00000002)
    __rt_entry_sh                            0x080001cd   Thumb Code     0  __rtentry4.o(.ARM.Collect$$rtentry$$00000004)
    __rt_entry_li                            0x080001d3   Thumb Code     0  __rtentry2.o(.ARM.Collect$$rtentry$$0000000A)
    __rt_entry_postsh_1                      0x080001d3   Thumb Code     0  __rtentry2.o(.ARM.Collect$$rtentry$$00000009)
    __rt_entry_main                          0x080001d7   Thumb Code     0  __rtentry2.o(.ARM.Collect$$rtentry$$0000000D)
    __rt_entry_postli_1                      0x080001d7   Thumb Code     0  __rtentry2.o(.ARM.Collect$$rtentry$$0000000C)
    __rt_exit                                0x080001df   Thumb Code     0  rtexit.o(.ARM.Collect$$rtexit$$00000000)
    __rt_exit_ls                             0x080001e1   Thumb Code     0  rtexit2.o(.ARM.Collect$$rtexit$$00000003)
    __rt_exit_prels_1                        0x080001e1   Thumb Code     0  rtexit2.o(.ARM.Collect$$rtexit$$00000002)
    __rt_exit_exit                           0x080001e5   Thumb Code     0  rtexit2.o(.ARM.Collect$$rtexit$$00000004)
    Reset_Handler                            0x080001ed   Thumb Code     8  startup_stm32f10x_cl.o(.text)
    NMI_Handler                              0x080001f5   Thumb Code     2  startup_stm32f10x_cl.o(.text)
    HardFault_Handler                        0x080001f7   Thumb Code     2  startup_stm32f10x_cl.o(.text)
    MemManage_Handler                        0x080001f9   Thumb Code     2  startup_stm32f10x_cl.o(.text)
    BusFault_Handler                         0x080001fb   Thumb Code     2  startup_stm32f10x_cl.o(.text)
    UsageFault_Handler                       0x080001fd   Thumb Code     2  startup_stm32f10x_cl.o(.text)
    SVC_Handler                              0x080001ff   Thumb Code     2  startup_stm32f10x_cl.o(.text)
    DebugMon_Handler                         0x08000201   Thumb Code     2  startup_stm32f10x_cl.o(.text)
    PendSV_Handler                           0x08000203   Thumb Code     2  startup_stm32f10x_cl.o(.text)
    SysTick_Handler                          0x08000205   Thumb Code     2  startup_stm32f10x_cl.o(.text)
    ADC1_2_IRQHandler                        0x08000207   Thumb Code     0  startup_stm32f10x_cl.o(.text)
    CAN1_RX0_IRQHandler                      0x08000207   Thumb Code     0  startup_stm32f10x_cl.o(.text)
    CAN1_RX1_IRQHandler                      0x08000207   Thumb Code     0  startup_stm32f10x_cl.o(.text)
    CAN1_SCE_IRQHandler                      0x08000207   Thumb Code     0  startup_stm32f10x_cl.o(.text)
    CAN1_TX_IRQHandler                       0x08000207   Thumb Code     0  startup_stm32f10x_cl.o(.text)
    CAN2_RX0_IRQHandler                      0x08000207   Thumb Code     0  startup_stm32f10x_cl.o(.text)
    CAN2_RX1_IRQHandler                      0x08000207   Thumb Code     0  startup_stm32f10x_cl.o(.text)
    CAN2_SCE_IRQHandler                      0x08000207   Thumb Code     0  startup_stm32f10x_cl.o(.text)
    CAN2_TX_IRQHandler                       0x08000207   Thumb Code     0  startup_stm32f10x_cl.o(.text)
    DMA1_Channel1_IRQHandler                 0x08000207   Thumb Code     0  startup_stm32f10x_cl.o(.text)
    DMA1_Channel2_IRQHandler                 0x08000207   Thumb Code     0  startup_stm32f10x_cl.o(.text)
    DMA1_Channel3_IRQHandler                 0x08000207   Thumb Code     0  startup_stm32f10x_cl.o(.text)
    DMA1_Channel4_IRQHandler                 0x08000207   Thumb Code     0  startup_stm32f10x_cl.o(.text)
    DMA1_Channel5_IRQHandler                 0x08000207   Thumb Code     0  startup_stm32f10x_cl.o(.text)
    DMA1_Channel6_IRQHandler                 0x08000207   Thumb Code     0  startup_stm32f10x_cl.o(.text)
    DMA1_Channel7_IRQHandler                 0x08000207   Thumb Code     0  startup_stm32f10x_cl.o(.text)
    DMA2_Channel1_IRQHandler                 0x08000207   Thumb Code     0  startup_stm32f10x_cl.o(.text)
    DMA2_Channel2_IRQHandler                 0x08000207   Thumb Code     0  startup_stm32f10x_cl.o(.text)
    DMA2_Channel3_IRQHandler                 0x08000207   Thumb Code     0  startup_stm32f10x_cl.o(.text)
    DMA2_Channel4_IRQHandler                 0x08000207   Thumb Code     0  startup_stm32f10x_cl.o(.text)
    DMA2_Channel5_IRQHandler                 0x08000207   Thumb Code     0  startup_stm32f10x_cl.o(.text)
    ETH_IRQHandler                           0x08000207   Thumb Code     0  startup_stm32f10x_cl.o(.text)
    ETH_WKUP_IRQHandler                      0x08000207   Thumb Code     0  startup_stm32f10x_cl.o(.text)
    EXTI0_IRQHandler                         0x08000207   Thumb Code     0  startup_stm32f10x_cl.o(.text)
    EXTI15_10_IRQHandler                     0x08000207   Thumb Code     0  startup_stm32f10x_cl.o(.text)
    EXTI1_IRQHandler                         0x08000207   Thumb Code     0  startup_stm32f10x_cl.o(.text)
    EXTI2_IRQHandler                         0x08000207   Thumb Code     0  startup_stm32f10x_cl.o(.text)
    EXTI3_IRQHandler                         0x08000207   Thumb Code     0  startup_stm32f10x_cl.o(.text)
    EXTI4_IRQHandler                         0x08000207   Thumb Code     0  startup_stm32f10x_cl.o(.text)
    FLASH_IRQHandler                         0x08000207   Thumb Code     0  startup_stm32f10x_cl.o(.text)
    I2C1_ER_IRQHandler                       0x08000207   Thumb Code     0  startup_stm32f10x_cl.o(.text)
    I2C1_EV_IRQHandler                       0x08000207   Thumb Code     0  startup_stm32f10x_cl.o(.text)
    I2C2_ER_IRQHandler                       0x08000207   Thumb Code     0  startup_stm32f10x_cl.o(.text)
    I2C2_EV_IRQHandler                       0x08000207   Thumb Code     0  startup_stm32f10x_cl.o(.text)
    OTG_FS_IRQHandler                        0x08000207   Thumb Code     0  startup_stm32f10x_cl.o(.text)
    OTG_FS_WKUP_IRQHandler                   0x08000207   Thumb Code     0  startup_stm32f10x_cl.o(.text)
    PVD_IRQHandler                           0x08000207   Thumb Code     0  startup_stm32f10x_cl.o(.text)
    RCC_IRQHandler                           0x08000207   Thumb Code     0  startup_stm32f10x_cl.o(.text)
    RTCAlarm_IRQHandler                      0x08000207   Thumb Code     0  startup_stm32f10x_cl.o(.text)
    RTC_IRQHandler                           0x08000207   Thumb Code     0  startup_stm32f10x_cl.o(.text)
    SPI1_IRQHandler                          0x08000207   Thumb Code     0  startup_stm32f10x_cl.o(.text)
    SPI2_IRQHandler                          0x08000207   Thumb Code     0  startup_stm32f10x_cl.o(.text)
    SPI3_IRQHandler                          0x08000207   Thumb Code     0  startup_stm32f10x_cl.o(.text)
    TAMPER_IRQHandler                        0x08000207   Thumb Code     0  startup_stm32f10x_cl.o(.text)
    TIM1_BRK_IRQHandler                      0x08000207   Thumb Code     0  startup_stm32f10x_cl.o(.text)
    TIM1_CC_IRQHandler                       0x08000207   Thumb Code     0  startup_stm32f10x_cl.o(.text)
    TIM1_TRG_COM_IRQHandler                  0x08000207   Thumb Code     0  startup_stm32f10x_cl.o(.text)
    TIM1_UP_IRQHandler                       0x08000207   Thumb Code     0  startup_stm32f10x_cl.o(.text)
    TIM2_IRQHandler                          0x08000207   Thumb Code     0  startup_stm32f10x_cl.o(.text)
    TIM3_IRQHandler                          0x08000207   Thumb Code     0  startup_stm32f10x_cl.o(.text)
    TIM4_IRQHandler                          0x08000207   Thumb Code     0  startup_stm32f10x_cl.o(.text)
    TIM5_IRQHandler                          0x08000207   Thumb Code     0  startup_stm32f10x_cl.o(.text)
    TIM6_IRQHandler                          0x08000207   Thumb Code     0  startup_stm32f10x_cl.o(.text)
    TIM7_IRQHandler                          0x08000207   Thumb Code     0  startup_stm32f10x_cl.o(.text)
    UART4_IRQHandler                         0x08000207   Thumb Code     0  startup_stm32f10x_cl.o(.text)
    UART5_IRQHandler                         0x08000207   Thumb Code     0  startup_stm32f10x_cl.o(.text)
    USART1_IRQHandler                        0x08000207   Thumb Code     0  startup_stm32f10x_cl.o(.text)
    USART2_IRQHandler                        0x08000207   Thumb Code     0  startup_stm32f10x_cl.o(.text)
    USART3_IRQHandler                        0x08000207   Thumb Code     0  startup_stm32f10x_cl.o(.text)
    WWDG_IRQHandler                          0x08000207   Thumb Code     0  startup_stm32f10x_cl.o(.text)
    __user_initial_stackheap                 0x08000209   Thumb Code     0  startup_stm32f10x_cl.o(.text)
    __aeabi_memcpy                           0x0800022d   Thumb Code     0  rt_memcpy_v6.o(.text)
    __rt_memcpy                              0x0800022d   Thumb Code   138  rt_memcpy_v6.o(.text)
    _memcpy_lastbytes                        0x08000293   Thumb Code     0  rt_memcpy_v6.o(.text)
    __aeabi_memclr                           0x080002b7   Thumb Code     0  rt_memclr.o(.text)
    __rt_memclr                              0x080002b7   Thumb Code    68  rt_memclr.o(.text)
    _memset                                  0x080002bb   Thumb Code     0  rt_memclr.o(.text)
    __use_two_region_memory                  0x080002fb   Thumb Code     2  heapauxi.o(.text)
    __rt_heap_escrow$2region                 0x080002fd   Thumb Code     2  heapauxi.o(.text)
    __rt_heap_expand$2region                 0x080002ff   Thumb Code     2  heapauxi.o(.text)
    __aeabi_memcpy4                          0x08000301   Thumb Code     0  rt_memcpy_w.o(.text)
    __aeabi_memcpy8                          0x08000301   Thumb Code     0  rt_memcpy_w.o(.text)
    __rt_memcpy_w                            0x08000301   Thumb Code   100  rt_memcpy_w.o(.text)
    _memcpy_lastbytes_aligned                0x08000349   Thumb Code     0  rt_memcpy_w.o(.text)
    __aeabi_memclr4                          0x08000365   Thumb Code     0  rt_memclr_w.o(.text)
    __aeabi_memclr8                          0x08000365   Thumb Code     0  rt_memclr_w.o(.text)
    __rt_memclr_w                            0x08000365   Thumb Code    78  rt_memclr_w.o(.text)
    _memset_w                                0x08000369   Thumb Code     0  rt_memclr_w.o(.text)
    __user_setup_stackheap                   0x080003b3   Thumb Code    74  sys_stackheap_outer.o(.text)
    exit                                     0x080003fd   Thumb Code    18  exit.o(.text)
    __user_libspace                          0x08000411   Thumb Code     8  libspace.o(.text)
    __user_perproc_libspace                  0x08000411   Thumb Code     0  libspace.o(.text)
    __user_perthread_libspace                0x08000411   Thumb Code     0  libspace.o(.text)
    _sys_exit                                0x08000419   Thumb Code     8  sys_exit.o(.text)
    __I$use$semihosting                      0x08000425   Thumb Code     0  use_no_semi.o(.text)
    __use_no_semihosting_swi                 0x08000425   Thumb Code     2  use_no_semi.o(.text)
    DMA_Cmd                                  0x08000427   Thumb Code    24  stm32f10x_dma.o(i.DMA_Cmd)
    __semihosting_library_function           0x08000427   Thumb Code     0  indicate_semi.o(.text)
    DMA_Init                                 0x0800043f   Thumb Code    60  stm32f10x_dma.o(i.DMA_Init)
    DMA_StructInit                           0x0800047b   Thumb Code    26  stm32f10x_dma.o(i.DMA_StructInit)
    EXTI9_5_IRQHandler                       0x080004a9   Thumb Code   120  cpu-init.o(i.EXTI9_5_IRQHandler)
    EXTI_ClearITPendingBit                   0x08000521   Thumb Code     6  stm32f10x_exti.o(i.EXTI_ClearITPendingBit)
    EXTI_GetITStatus                         0x0800052d   Thumb Code    34  stm32f10x_exti.o(i.EXTI_GetITStatus)
    EXTI_Init                                0x08000555   Thumb Code   142  stm32f10x_exti.o(i.EXTI_Init)
    GPIO_EXTILineConfig                      0x080005e9   Thumb Code    60  stm32f10x_gpio.o(i.GPIO_EXTILineConfig)
    GPIO_Init                                0x08000629   Thumb Code   278  stm32f10x_gpio.o(i.GPIO_Init)
    InitButton                               0x08000741   Thumb Code   146  cpu-init.o(i.InitButton)
    LcdChr                                   0x080007d9   Thumb Code   432  n3310.o(i.LcdChr)
    LcdClear                                 0x0800099d   Thumb Code    34  n3310.o(i.LcdClear)
    LcdGotoXYFont                            0x080009d1   Thumb Code    40  n3310.o(i.LcdGotoXYFont)
    LcdInit                                  0x080009fd   Thumb Code   168  n3310.o(i.LcdInit)
    LcdStr                                   0x08000b29   Thumb Code    40  n3310.o(i.LcdStr)
    LcdUpdate                                0x08000b51   Thumb Code   168  n3310.o(i.LcdUpdate)
    MenuScreen                               0x08000c09   Thumb Code   158  screens.o(i.MenuScreen)
    NVIC_Init                                0x08000ca9   Thumb Code   100  misc.o(i.NVIC_Init)
    RCC_AHBPeriphClockCmd                    0x08000d19   Thumb Code    26  stm32f10x_rcc.o(i.RCC_AHBPeriphClockCmd)
    RCC_APB1PeriphClockCmd                   0x08000d39   Thumb Code    26  stm32f10x_rcc.o(i.RCC_APB1PeriphClockCmd)
    RCC_APB2PeriphClockCmd                   0x08000d59   Thumb Code    26  stm32f10x_rcc.o(i.RCC_APB2PeriphClockCmd)
    RCC_GetClocksFreq                        0x08000d79   Thumb Code   192  stm32f10x_rcc.o(i.RCC_GetClocksFreq)
    SystemInit                               0x08000f35   Thumb Code    78  system_stm32f10x.o(i.SystemInit)
    USART_Cmd                                0x08000f95   Thumb Code    24  stm32f10x_usart.o(i.USART_Cmd)
    USART_DMACmd                             0x08000fad   Thumb Code    18  stm32f10x_usart.o(i.USART_DMACmd)
    USART_Init                               0x08000fc1   Thumb Code   210  stm32f10x_usart.o(i.USART_Init)
    cursorsKeyboardHendler                   0x08001099   Thumb Code    84  system.o(i.cursorsKeyboardHendler)
    dma1_init                                0x080010f1   Thumb Code    72  cpu-init.o(i.dma1_init)
    getCursorsData                           0x08001145   Thumb Code     8  system.o(i.getCursorsData)
    getPressedButton                         0x08001151   Thumb Code     8  system.o(i.getPressedButton)
    gpio_init                                0x0800115d   Thumb Code   138  cpu-init.o(i.gpio_init)
    main                                     0x080011f1   Thumb Code    60  main.o(i.main)
    resetPressedButton                       0x08001231   Thumb Code    10  system.o(i.resetPressedButton)
    setPressedButton                         0x0800123d   Thumb Code     8  system.o(i.setPressedButton)
    system_init                              0x08001249   Thumb Code    24  cpu-init.o(i.system_init)
    uart1_init                               0x08001261   Thumb Code    68  cpu-init.o(i.uart1_init)
    uart3_init                               0x080012a9   Thumb Code    58  cpu-init.o(i.uart3_init)
    Region$$Table$$Base                      0x08001608   Number         0  anon$$obj.o(Region$$Table)
    Region$$Table$$Limit                     0x08001628   Number         0  anon$$obj.o(Region$$Table)
    mainMenu                                 0x20000000   Data          84  main.o(.data)
    SYMBOLS                                  0x20000065   Data          10  n3310.o(.data)
    out                                      0x2000006f   Data           6  n3310.o(.data)
    pressedButton                            0x2000008c   Data           1  system.o(.data)
    buttonPtr                                0x20000090   Data           4  system.o(.data)
    mouseData                                0x20000094   Data           3  system.o(.data)
    mouseDataPtr                             0x20000098   Data           4  system.o(.data)
    cursorsDataY                             0x2000009c   Data           1  system.o(.data)
    cursorsDataYPtr                          0x200000a0   Data           4  system.o(.data)
    TransitBuffer                            0x2000029c   Data          80  cpu-init.o(.bss)
    UartBuffer                               0x200002ec   Data          80  cpu-init.o(.bss)
    __libspace_start                         0x2000033c   Data          96  libspace.o(.bss)
    __temporary_stack_top$libspace           0x2000039c   Data           0  libspace.o(.bss)



==============================================================================

Memory Map of the image

  Image Entry point : 0x080001ed

  Load Region LR_1 (Base: 0x08000000, Size: 0x000016cc, Max: 0xffffffff, ABSOLUTE)

    Execution Region ER_RO (Exec base: 0x08000000, Load base: 0x08000000, Size: 0x00001628, Max: 0xffffffff, ABSOLUTE)

    Exec Addr    Load Addr    Size         Type   Attr      Idx    E Section Name        Object

    0x08000000   0x08000000   0x00000150   Data   RO         1213    RESET               startup_stm32f10x_cl.o
    0x08000150   0x08000150   0x00000008   Code   RO         1388  * !!!main             c_w.l(__main.o)
    0x08000158   0x08000158   0x00000034   Code   RO         1576    !!!scatter          c_w.l(__scatter.o)
    0x0800018c   0x0800018c   0x0000001a   Code   RO         1578    !!handler_copy      c_w.l(__scatter_copy.o)
    0x080001a6   0x080001a6   0x00000002   PAD
    0x080001a8   0x080001a8   0x0000001c   Code   RO         1580    !!handler_zi        c_w.l(__scatter_zi.o)
    0x080001c4   0x080001c4   0x00000002   Code   RO         1446    .ARM.Collect$$libinit$$00000000  c_w.l(libinit.o)
    0x080001c6   0x080001c6   0x00000000   Code   RO         1453    .ARM.Collect$$libinit$$00000002  c_w.l(libinit2.o)
    0x080001c6   0x080001c6   0x00000000   Code   RO         1455    .ARM.Collect$$libinit$$00000004  c_w.l(libinit2.o)
    0x080001c6   0x080001c6   0x00000000   Code   RO         1458    .ARM.Collect$$libinit$$0000000A  c_w.l(libinit2.o)
    0x080001c6   0x080001c6   0x00000000   Code   RO         1460    .ARM.Collect$$libinit$$0000000C  c_w.l(libinit2.o)
    0x080001c6   0x080001c6   0x00000000   Code   RO         1462    .ARM.Collect$$libinit$$0000000E  c_w.l(libinit2.o)
    0x080001c6   0x080001c6   0x00000000   Code   RO         1465    .ARM.Collect$$libinit$$00000011  c_w.l(libinit2.o)
    0x080001c6   0x080001c6   0x00000000   Code   RO         1467    .ARM.Collect$$libinit$$00000013  c_w.l(libinit2.o)
    0x080001c6   0x080001c6   0x00000000   Code   RO         1469    .ARM.Collect$$libinit$$00000015  c_w.l(libinit2.o)
    0x080001c6   0x080001c6   0x00000000   Code   RO         1471    .ARM.Collect$$libinit$$00000017  c_w.l(libinit2.o)
    0x080001c6   0x080001c6   0x00000000   Code   RO         1473    .ARM.Collect$$libinit$$00000019  c_w.l(libinit2.o)
    0x080001c6   0x080001c6   0x00000000   Code   RO         1475    .ARM.Collect$$libinit$$0000001B  c_w.l(libinit2.o)
    0x080001c6   0x080001c6   0x00000000   Code   RO         1477    .ARM.Collect$$libinit$$0000001D  c_w.l(libinit2.o)
    0x080001c6   0x080001c6   0x00000000   Code   RO         1479    .ARM.Collect$$libinit$$0000001F  c_w.l(libinit2.o)
    0x080001c6   0x080001c6   0x00000000   Code   RO         1481    .ARM.Collect$$libinit$$00000021  c_w.l(libinit2.o)
    0x080001c6   0x080001c6   0x00000000   Code   RO         1483    .ARM.Collect$$libinit$$00000023  c_w.l(libinit2.o)
    0x080001c6   0x080001c6   0x00000000   Code   RO         1485    .ARM.Collect$$libinit$$00000025  c_w.l(libinit2.o)
    0x080001c6   0x080001c6   0x00000000   Code   RO         1489    .ARM.Collect$$libinit$$0000002C  c_w.l(libinit2.o)
    0x080001c6   0x080001c6   0x00000000   Code   RO         1491    .ARM.Collect$$libinit$$0000002E  c_w.l(libinit2.o)
    0x080001c6   0x080001c6   0x00000000   Code   RO         1493    .ARM.Collect$$libinit$$00000030  c_w.l(libinit2.o)
    0x080001c6   0x080001c6   0x00000000   Code   RO         1495    .ARM.Collect$$libinit$$00000032  c_w.l(libinit2.o)
    0x080001c6   0x080001c6   0x00000002   Code   RO         1496    .ARM.Collect$$libinit$$00000033  c_w.l(libinit2.o)
    0x080001c8   0x080001c8   0x00000002   Code   RO         1516    .ARM.Collect$$libshutdown$$00000000  c_w.l(libshutdown.o)
    0x080001ca   0x080001ca   0x00000000   Code   RO         1529    .ARM.Collect$$libshutdown$$00000002  c_w.l(libshutdown2.o)
    0x080001ca   0x080001ca   0x00000000   Code   RO         1531    .ARM.Collect$$libshutdown$$00000004  c_w.l(libshutdown2.o)
    0x080001ca   0x080001ca   0x00000000   Code   RO         1534    .ARM.Collect$$libshutdown$$00000007  c_w.l(libshutdown2.o)
    0x080001ca   0x080001ca   0x00000000   Code   RO         1537    .ARM.Collect$$libshutdown$$0000000A  c_w.l(libshutdown2.o)
    0x080001ca   0x080001ca   0x00000000   Code   RO         1539    .ARM.Collect$$libshutdown$$0000000C  c_w.l(libshutdown2.o)
    0x080001ca   0x080001ca   0x00000000   Code   RO         1542    .ARM.Collect$$libshutdown$$0000000F  c_w.l(libshutdown2.o)
    0x080001ca   0x080001ca   0x00000002   Code   RO         1543    .ARM.Collect$$libshutdown$$00000010  c_w.l(libshutdown2.o)
    0x080001cc   0x080001cc   0x00000000   Code   RO         1412    .ARM.Collect$$rtentry$$00000000  c_w.l(__rtentry.o)
    0x080001cc   0x080001cc   0x00000000   Code   RO         1423    .ARM.Collect$$rtentry$$00000002  c_w.l(__rtentry2.o)
    0x080001cc   0x080001cc   0x00000006   Code   RO         1435    .ARM.Collect$$rtentry$$00000004  c_w.l(__rtentry4.o)
    0x080001d2   0x080001d2   0x00000000   Code   RO         1425    .ARM.Collect$$rtentry$$00000009  c_w.l(__rtentry2.o)
    0x080001d2   0x080001d2   0x00000004   Code   RO         1426    .ARM.Collect$$rtentry$$0000000A  c_w.l(__rtentry2.o)
    0x080001d6   0x080001d6   0x00000000   Code   RO         1428    .ARM.Collect$$rtentry$$0000000C  c_w.l(__rtentry2.o)
    0x080001d6   0x080001d6   0x00000008   Code   RO         1429    .ARM.Collect$$rtentry$$0000000D  c_w.l(__rtentry2.o)
    0x080001de   0x080001de   0x00000002   Code   RO         1450    .ARM.Collect$$rtexit$$00000000  c_w.l(rtexit.o)
    0x080001e0   0x080001e0   0x00000000   Code   RO         1498    .ARM.Collect$$rtexit$$00000002  c_w.l(rtexit2.o)
    0x080001e0   0x080001e0   0x00000004   Code   RO         1499    .ARM.Collect$$rtexit$$00000003  c_w.l(rtexit2.o)
    0x080001e4   0x080001e4   0x00000006   Code   RO         1500    .ARM.Collect$$rtexit$$00000004  c_w.l(rtexit2.o)
    0x080001ea   0x080001ea   0x00000002   PAD
    0x080001ec   0x080001ec   0x00000040   Code   RO         1214  * .text               startup_stm32f10x_cl.o
    0x0800022c   0x0800022c   0x0000008a   Code   RO         1382    .text               c_w.l(rt_memcpy_v6.o)
    0x080002b6   0x080002b6   0x00000044   Code   RO         1384    .text               c_w.l(rt_memclr.o)
    0x080002fa   0x080002fa   0x00000006   Code   RO         1386    .text               c_w.l(heapauxi.o)
    0x08000300   0x08000300   0x00000064   Code   RO         1413    .text               c_w.l(rt_memcpy_w.o)
    0x08000364   0x08000364   0x0000004e   Code   RO         1415    .text               c_w.l(rt_memclr_w.o)
    0x080003b2   0x080003b2   0x0000004a   Code   RO         1437    .text               c_w.l(sys_stackheap_outer.o)
    0x080003fc   0x080003fc   0x00000012   Code   RO         1439    .text               c_w.l(exit.o)
    0x0800040e   0x0800040e   0x00000002   PAD
    0x08000410   0x08000410   0x00000008   Code   RO         1447    .text               c_w.l(libspace.o)
    0x08000418   0x08000418   0x0000000c   Code   RO         1508    .text               c_w.l(sys_exit.o)
    0x08000424   0x08000424   0x00000002   Code   RO         1519    .text               c_w.l(use_no_semi.o)
    0x08000426   0x08000426   0x00000000   Code   RO         1521    .text               c_w.l(indicate_semi.o)
    0x08000426   0x08000426   0x00000018   Code   RO          546    i.DMA_Cmd           stm32f10x_dma.o
    0x0800043e   0x0800043e   0x0000003c   Code   RO          552    i.DMA_Init          stm32f10x_dma.o
    0x0800047a   0x0800047a   0x0000001a   Code   RO          554    i.DMA_StructInit    stm32f10x_dma.o
    0x08000494   0x08000494   0x00000014   Code   RO          121    i.Delay             n3310.o
    0x080004a8   0x080004a8   0x00000078   Code   RO         1259    i.EXTI9_5_IRQHandler  cpu-init.o
    0x08000520   0x08000520   0x0000000c   Code   RO         1111    i.EXTI_ClearITPendingBit  stm32f10x_exti.o
    0x0800052c   0x0800052c   0x00000028   Code   RO         1115    i.EXTI_GetITStatus  stm32f10x_exti.o
    0x08000554   0x08000554   0x00000094   Code   RO         1116    i.EXTI_Init         stm32f10x_exti.o
    0x080005e8   0x080005e8   0x00000040   Code   RO          619    i.GPIO_EXTILineConfig  stm32f10x_gpio.o
    0x08000628   0x08000628   0x00000116   Code   RO          622    i.GPIO_Init         stm32f10x_gpio.o
    0x0800073e   0x0800073e   0x00000002   PAD
    0x08000740   0x08000740   0x00000098   Code   RO         1260    i.InitButton        cpu-init.o
    0x080007d8   0x080007d8   0x000001c4   Code   RO          124    i.LcdChr            n3310.o
    0x0800099c   0x0800099c   0x00000034   Code   RO          126    i.LcdClear          n3310.o
    0x080009d0   0x080009d0   0x0000002c   Code   RO          129    i.LcdGotoXYFont     n3310.o
    0x080009fc   0x080009fc   0x000000ac   Code   RO          131    i.LcdInit           n3310.o
    0x08000aa8   0x08000aa8   0x00000080   Code   RO          137    i.LcdSend           n3310.o
    0x08000b28   0x08000b28   0x00000028   Code   RO          139    i.LcdStr            n3310.o
    0x08000b50   0x08000b50   0x000000b8   Code   RO          140    i.LcdUpdate         n3310.o
    0x08000c08   0x08000c08   0x0000009e   Code   RO           66    i.MenuScreen        screens.o
    0x08000ca6   0x08000ca6   0x00000002   PAD
    0x08000ca8   0x08000ca8   0x00000070   Code   RO         1164    i.NVIC_Init         misc.o
    0x08000d18   0x08000d18   0x00000020   Code   RO          731    i.RCC_AHBPeriphClockCmd  stm32f10x_rcc.o
    0x08000d38   0x08000d38   0x00000020   Code   RO          732    i.RCC_APB1PeriphClockCmd  stm32f10x_rcc.o
    0x08000d58   0x08000d58   0x00000020   Code   RO          734    i.RCC_APB2PeriphClockCmd  stm32f10x_rcc.o
    0x08000d78   0x08000d78   0x000000d4   Code   RO          742    i.RCC_GetClocksFreq  stm32f10x_rcc.o
    0x08000e4c   0x08000e4c   0x00000008   Code   RO         1218    i.SetSysClock       system_stm32f10x.o
    0x08000e54   0x08000e54   0x000000e0   Code   RO         1219    i.SetSysClockTo72   system_stm32f10x.o
    0x08000f34   0x08000f34   0x00000060   Code   RO         1221    i.SystemInit        system_stm32f10x.o
    0x08000f94   0x08000f94   0x00000018   Code   RO          934    i.USART_Cmd         stm32f10x_usart.o
    0x08000fac   0x08000fac   0x00000012   Code   RO          935    i.USART_DMACmd      stm32f10x_usart.o
    0x08000fbe   0x08000fbe   0x00000002   PAD
    0x08000fc0   0x08000fc0   0x000000d8   Code   RO          941    i.USART_Init        stm32f10x_usart.o
    0x08001098   0x08001098   0x00000058   Code   RO         1326    i.cursorsKeyboardHendler  system.o
    0x080010f0   0x080010f0   0x00000054   Code   RO         1263    i.dma1_init         cpu-init.o
    0x08001144   0x08001144   0x0000000c   Code   RO         1327    i.getCursorsData    system.o
    0x08001150   0x08001150   0x0000000c   Code   RO         1329    i.getPressedButton  system.o
    0x0800115c   0x0800115c   0x00000094   Code   RO         1264    i.gpio_init         cpu-init.o
    0x080011f0   0x080011f0   0x00000040   Code   RO            1    i.main              main.o
    0x08001230   0x08001230   0x0000000a   Code   RO         1331    i.resetPressedButton  system.o
    0x0800123a   0x0800123a   0x00000002   PAD
    0x0800123c   0x0800123c   0x0000000c   Code   RO         1332    i.setPressedButton  system.o
    0x08001248   0x08001248   0x00000018   Code   RO         1265    i.system_init       cpu-init.o
    0x08001260   0x08001260   0x00000048   Code   RO         1266    i.uart1_init        cpu-init.o
    0x080012a8   0x080012a8   0x00000040   Code   RO         1267    i.uart3_init        cpu-init.o
    0x080012e8   0x080012e8   0x00000320   Data   RO          143    .constdata          n3310.o
    0x08001608   0x08001608   0x00000020   Data   RO         1574    Region$$Table       anon$$obj.o


    Execution Region ER_RW (Exec base: 0x20000000, Load base: 0x08001628, Size: 0x000000a4, Max: 0xffffffff, ABSOLUTE)

    Exec Addr    Load Addr    Size         Type   Attr      Idx    E Section Name        Object

    0x20000000   0x08001628   0x00000054   Data   RW            3    .data               main.o
    0x20000054   0x0800167c   0x00000021   Data   RW          144    .data               n3310.o
    0x20000075   0x0800169d   0x00000014   Data   RW          762    .data               stm32f10x_rcc.o
    0x20000089   0x080016b1   0x00000003   PAD
    0x2000008c   0x080016b4   0x00000018   Data   RW         1333    .data               system.o


    Execution Region ER_ZI (Exec base: 0x200000a4, Load base: 0x080016cc, Size: 0x000008fc, Max: 0xffffffff, ABSOLUTE)

    Exec Addr    Load Addr    Size         Type   Attr      Idx    E Section Name        Object

    0x200000a4        -       0x000001f8   Zero   RW          142    .bss                n3310.o
    0x2000029c        -       0x000000a0   Zero   RW         1268    .bss                cpu-init.o
    0x2000033c        -       0x00000060   Zero   RW         1448    .bss                c_w.l(libspace.o)
    0x2000039c   0x080016cc   0x00000004   PAD
    0x200003a0        -       0x00000200   Zero   RW         1212    HEAP                startup_stm32f10x_cl.o
    0x200005a0        -       0x00000400   Zero   RW         1211    STACK               startup_stm32f10x_cl.o


==============================================================================

Image component sizes


      Code (inc. data)   RO Data    RW Data    ZI Data      Debug   Object Name

         0          0          0          0          0         32   core_cm3.o
       664         38          0          0        160       4273   cpu-init.o
        64          4          0         84          0     245786   main.o
       112         12          0          0          0       1128   misc.o
      1092         72        800         33        504       7185   n3310.o
       158          0          0          0          0        601   screens.o
        64         26        336          0       1536        880   startup_stm32f10x_cl.o
       110          0          0          0          0       3418   stm32f10x_dma.o
       200         18          0          0          0       2232   stm32f10x_exti.o
       342          4          0          0          0       2698   stm32f10x_gpio.o
       308         38          0         20          0       5130   stm32f10x_rcc.o
       258          6          0          0          0       3564   stm32f10x_usart.o
       134         16          0         24          0       3043   system.o
       328         28          0          0          0       2105   system_stm32f10x.o

    ----------------------------------------------------------------------
      3842        262       1168        164       2200     282075   Object Totals
         0          0         32          0          0          0   (incl. Generated)
         8          0          0          3          0          0   (incl. Padding)

    ----------------------------------------------------------------------

      Code (inc. data)   RO Data    RW Data    ZI Data      Debug   Library Member Name

         8          0          0          0          0         68   __main.o
         0          0          0          0          0          0   __rtentry.o
        12          0          0          0          0          0   __rtentry2.o
         6          0          0          0          0          0   __rtentry4.o
        52          8          0          0          0          0   __scatter.o
        26          0          0          0          0          0   __scatter_copy.o
        28          0          0          0          0          0   __scatter_zi.o
        18          0          0          0          0         80   exit.o
         6          0          0          0          0        152   heapauxi.o
         0          0          0          0          0          0   indicate_semi.o
         2          0          0          0          0          0   libinit.o
         2          0          0          0          0          0   libinit2.o
         2          0          0          0          0          0   libshutdown.o
         2          0          0          0          0          0   libshutdown2.o
         8          4          0          0         96         68   libspace.o
        68          0          0          0          0         68   rt_memclr.o
        78          0          0          0          0         80   rt_memclr_w.o
       138          0          0          0          0         68   rt_memcpy_v6.o
       100          0          0          0          0         80   rt_memcpy_w.o
         2          0          0          0          0          0   rtexit.o
        10          0          0          0          0          0   rtexit2.o
        12          4          0          0          0         68   sys_exit.o
        74          0          0          0          0         80   sys_stackheap_outer.o
         2          0          0          0          0         68   use_no_semi.o

    ----------------------------------------------------------------------
       662         16          0          0        100        880   Library Totals
         6          0          0          0          4          0   (incl. Padding)

    ----------------------------------------------------------------------

      Code (inc. data)   RO Data    RW Data    ZI Data      Debug   Library Name

       656         16          0          0         96        880   c_w.l

    ----------------------------------------------------------------------
       662         16          0          0        100        880   Library Totals

    ----------------------------------------------------------------------

==============================================================================


      Code (inc. data)   RO Data    RW Data    ZI Data      Debug   

      4504        278       1168        164       2300     280611   Grand Totals
      4504        278       1168        164       2300     280611   ELF Image Totals
      4504        278       1168        164          0          0   ROM Totals

==============================================================================

    Total RO  Size (Code + RO Data)                 5672 (   5.54kB)
    Total RW  Size (RW Data + ZI Data)              2464 (   2.41kB)
    Total ROM Size (Code + RO Data + RW Data)       5836 (   5.70kB)

==============================================================================

